{
  "scope": "Synthetic loopback browser and actual exported helpers; no provider traffic",
  "checks": [
    {
      "check": "customer-capped-metrics",
      "sourceHasMoreThanCap": true,
      "returnedRows": 2000,
      "metricsAvailable": true,
      "metrics": {
        "orderCount": 2000,
        "orderValue": 20000,
        "pasabuyCount": 0,
        "conversationCount": 0,
        "unreadCount": 0,
        "lastMessageAt": null
      }
    },
    {
      "check": "guest-cookie",
      "cookie": "",
      "outcome": "signed"
    },
    {
      "check": "guest-cookie",
      "cookie": "unrelated=%",
      "outcome": "URIError",
      "response": [
        503,
        "SERVICE_UNAVAILABLE"
      ]
    },
    {
      "check": "guest-cookie",
      "cookie": "k2_guest_access=%E0%A4%A",
      "outcome": "URIError",
      "response": [
        503,
        "SERVICE_UNAVAILABLE"
      ]
    },
    {
      "check": "product-responsive",
      "width": 320,
      "height": 740,
      "scrollWidth": 320,
      "viewport": 320,
      "h1Top": 1746.859375,
      "smallTargets": [
        {
          "text": "Home",
          "name": null,
          "width": 37,
          "height": 20
        },
        {
          "text": "Catalog",
          "name": null,
          "width": 48,
          "height": 20
        },
        {
          "text": "Ingredients",
          "name": null,
          "width": 70,
          "height": 30
        },
        {
          "text": "Instructions",
          "name": null,
          "width": 74,
          "height": 30
        },
        {
          "text": "All",
          "name": null,
          "width": 42,
          "height": 44
        }
      ]
    },
    {
      "check": "product-responsive",
      "width": 360,
      "height": 800,
      "scrollWidth": 360,
      "viewport": 360,
      "h1Top": 1705.265625,
      "smallTargets": [
        {
          "text": "Home",
          "name": null,
          "width": 37,
          "height": 20
        },
        {
          "text": "Catalog",
          "name": null,
          "width": 48,
          "height": 20
        },
        {
          "text": "Ingredients",
          "name": null,
          "width": 70,
          "height": 30
        },
        {
          "text": "Instructions",
          "name": null,
          "width": 74,
          "height": 30
        },
        {
          "text": "All",
          "name": null,
          "width": 42,
          "height": 44
        }
      ]
    },
    {
      "check": "product-responsive",
      "width": 390,
      "height": 844,
      "scrollWidth": 390,
      "viewport": 390,
      "h1Top": 1709.671875,
      "smallTargets": [
        {
          "text": "Home",
          "name": null,
          "width": 37,
          "height": 20
        },
        {
          "text": "Catalog",
          "name": null,
          "width": 48,
          "height": 20
        },
        {
          "text": "Ingredients",
          "name": null,
          "width": 70,
          "height": 30
        },
        {
          "text": "Instructions",
          "name": null,
          "width": 74,
          "height": 30
        },
        {
          "text": "All",
          "name": null,
          "width": 42,
          "height": 44
        }
      ]
    },
    {
      "check": "product-responsive",
      "width": 430,
      "height": 932,
      "scrollWidth": 430,
      "viewport": 430,
      "h1Top": 1721.671875,
      "smallTargets": [
        {
          "text": "Home",
          "name": null,
          "width": 37,
          "height": 20
        },
        {
          "text": "Catalog",
          "name": null,
          "width": 48,
          "height": 20
        },
        {
          "text": "Ingredients",
          "name": null,
          "width": 70,
          "height": 30
        },
        {
          "text": "Instructions",
          "name": null,
          "width": 74,
          "height": 30
        },
        {
          "text": "All",
          "name": null,
          "width": 42,
          "height": 44
        }
      ]
    },
    {
      "check": "product-responsive",
      "width": 768,
      "height": 1024,
      "scrollWidth": 768,
      "viewport": 768,
      "h1Top": 1908.484375,
      "smallTargets": [
        {
          "text": "Home",
          "name": null,
          "width": 37,
          "height": 20
        },
        {
          "text": "Catalog",
          "name": null,
          "width": 48,
          "height": 20
        },
        {
          "text": "Ingredients",
          "name": null,
          "width": 70,
          "height": 30
        },
        {
          "text": "Instructions",
          "name": null,
          "width": 74,
          "height": 30
        },
        {
          "text": "All",
          "name": null,
          "width": 42,
          "height": 44
        }
      ]
    },
    {
      "check": "product-responsive",
      "width": 1024,
      "height": 768,
      "scrollWidth": 1024,
      "viewport": 1024,
      "h1Top": 267.796875,
      "smallTargets": [
        {
          "text": "Home",
          "name": null,
          "width": 37,
          "height": 20
        },
        {
          "text": "Catalog",
          "name": null,
          "width": 48,
          "height": 20
        },
        {
          "text": "Ingredients",
          "name": null,
          "width": 70,
          "height": 30
        },
        {
          "text": "Instructions",
          "name": null,
          "width": 74,
          "height": 30
        }
      ]
    },
    {
      "check": "product-responsive",
      "width": 1024,
      "height": 900,
      "scrollWidth": 1024,
      "viewport": 1024,
      "h1Top": 275.796875,
      "smallTargets": [
        {
          "text": "Home",
          "name": null,
          "width": 37,
          "height": 20
        },
        {
          "text": "Catalog",
          "name": null,
          "width": 48,
          "height": 20
        },
        {
          "text": "Ingredients",
          "name": null,
          "width": 70,
          "height": 30
        },
        {
          "text": "Instructions",
          "name": null,
          "width": 74,
          "height": 30
        }
      ]
    },
    {
      "check": "product-responsive",
      "width": 1280,
      "height": 900,
      "scrollWidth": 1280,
      "viewport": 1280,
      "h1Top": 275.796875,
      "smallTargets": [
        {
          "text": "Home",
          "name": null,
          "width": 37,
          "height": 20
        },
        {
          "text": "Catalog",
          "name": null,
          "width": 48,
          "height": 20
        },
        {
          "text": "Ingredients",
          "name": null,
          "width": 70,
          "height": 30
        },
        {
          "text": "Instructions",
          "name": null,
          "width": 74,
          "height": 30
        }
      ]
    },
    {
      "check": "product-responsive",
      "width": 1440,
      "height": 900,
      "scrollWidth": 1440,
      "viewport": 1440,
      "h1Top": 275.796875,
      "smallTargets": [
        {
          "text": "Home",
          "name": null,
          "width": 37,
          "height": 20
        },
        {
          "text": "Catalog",
          "name": null,
          "width": 48,
          "height": 20
        },
        {
          "text": "Ingredients",
          "name": null,
          "width": 70,
          "height": 30
        },
        {
          "text": "Instructions",
          "name": null,
          "width": 74,
          "height": 30
        }
      ]
    },
    {
      "check": "product-responsive",
      "width": 1920,
      "height": 1080,
      "scrollWidth": 1920,
      "viewport": 1920,
      "h1Top": 275.796875,
      "smallTargets": [
        {
          "text": "Home",
          "name": null,
          "width": 37,
          "height": 20
        },
        {
          "text": "Catalog",
          "name": null,
          "width": 48,
          "height": 20
        },
        {
          "text": "Ingredients",
          "name": null,
          "width": 70,
          "height": 30
        },
        {
          "text": "Instructions",
          "name": null,
          "width": 74,
          "height": 30
        }
      ]
    },
    {
      "check": "gallery-shrink",
      "errors": [],
      "body": "Italy-sourced goods, fulfilled in Manila · Final stock and delivery are confirmed by K2 staff\nK2 Jimzon\nDIRECT ITALIAN IMPORTS\nHome\nShop\nPasabuy\nWholesale\nContact us\nSearch the catalog\nThis section stopped loading\n\nNo change was confirmed. Try this section again, or reload the Admin workspace if the problem continues.\n\nError code: UI_SECTION_UNAVAILABLE\n\nTry this section again\nReload Admin\nK2 Jimzon\nDIRECT ITALIAN IMPORTS\n\nA multi-channel Italy-sourced catalog and Pasabuy operation serving Philippine customers and businesses.\n\nWEBSITE · SHOPEE · TIKTOK SHOP · LAZADA · PASABUY\n\nSHOP\nPantry & baking\nSnacks & sweets\nCoffee & beverages\nBath & body\nSkin care\nSERVICES\nPasabuy sourcing\nBusiness supply\nCurrent catalog\nOrder request\nCONTACT\nContact us\nEmail K2 Jimzon\nMessenger · @k2jimzon\nShopee · k2jimzononlineshop\nManila, Philippines\n\nSubmitting a Website or Pasabuy request does not collect payment. K2 staff confirms availability, delivery, and payment instructions directly.\n\n© 2026 K2 Jimzon · Direct Italian imports\n\nDevelopment preview: fallback products and reviews are illustrative. Production displays database-backed published records."
    },
    {
      "check": "cart-actions",
      "cartActions": [
        "",
        "",
        "",
        "",
        "Remove from cart",
        "Review order request"
      ]
    },
    {
      "check": "checkout-lost-response-edit",
      "submissions": [
        {
          "customerName": "Audit Customer",
          "email": "audit@example.com",
          "phone": "",
          "address": "Synthetic Manila address",
          "fulfillmentMethod": "Metro Manila delivery",
          "note": "",
          "items": [
            {
              "sku": "audit-product",
              "quantity": 1
            }
          ],
          "idempotencyKey": "856ebbf3-0752-4e33-bc20-71389a5081ae",
          "couponCode": "",
          "botToken": "synthetic-audit-token"
        },
        {
          "customerName": "Changed Audit Customer",
          "email": "audit@example.com",
          "phone": "",
          "address": "Synthetic Manila address",
          "fulfillmentMethod": "Metro Manila delivery",
          "note": "",
          "items": [
            {
              "sku": "audit-product",
              "quantity": 1
            }
          ],
          "idempotencyKey": "856ebbf3-0752-4e33-bc20-71389a5081ae",
          "couponCode": "",
          "botToken": "synthetic-audit-token"
        }
      ],
      "sameKey": true,
      "alert": "The request could not be completed. Please try again."
    }
  ]
}
