
> k2-jimzon-prototype@0.1.0 prebuild:storefront
> npm run prebuild


> k2-jimzon-prototype@0.1.0 prebuild
> npm run security:test && npm run security:test-env-contract && npm run security:test-files && npm run security:files && npm run security:test-env-source && npm run security:env-source && npm run security:dependency-policy && npm run security:surfaces && npm run security:secrets && node scripts/check-imports.mjs


> k2-jimzon-prototype@0.1.0 security:test
> node scripts/test-secret-scan.mjs

Secret scanner tests passed (fabricated values only).

> k2-jimzon-prototype@0.1.0 security:test-env-contract
> node scripts/verify-deployment-environment-contract.mjs --self-test

Deployment environment contract self-test passed (5 fixtures).

> k2-jimzon-prototype@0.1.0 security:test-files
> node scripts/test-sensitive-file-policy.mjs

Sensitive-file policy tests passed (13 blocked, 4 allowed, and the source inventory).

> k2-jimzon-prototype@0.1.0 security:files
> node scripts/verify-tracked-sensitive-files.mjs

Sensitive-file policy passed in git mode (1031 files checked).

> k2-jimzon-prototype@0.1.0 security:test-env-source
> node scripts/test-environment-source-boundary.mjs

Environment source-boundary tests passed (8 fixtures).

> k2-jimzon-prototype@0.1.0 security:env-source
> node scripts/verify-environment-source-boundary.mjs

Environment source boundary passed (198 browser and 161 server/Edge files checked).

> k2-jimzon-prototype@0.1.0 security:dependency-policy
> node scripts/verify-dependency-policy.mjs

Dependency policy passed (18 direct, 278 locked packages, 3 reviewed install scripts).
Reviewed licenses: 0BSD=2, Apache-2.0=25, Apache-2.0 AND LGPL-3.0-or-later=3, Apache-2.0 AND LGPL-3.0-or-later AND MIT=1, BSD-3-Clause=2, CC-BY-4.0=1, ISC=11, LGPL-3.0-or-later=10, MIT=210, MPL-2.0=12, UNKNOWN=1

> k2-jimzon-prototype@0.1.0 security:surfaces
> node scripts/audit-security-surfaces.mjs --fail-on-gaps

# MAP-020 Security Surface Inventory

Generated: 2026-09-10T03:46:35.790Z

- Prepared Admin routes: 92
- Prepared Storefront routes: 15
- Supabase Edge Functions: 2 (invite-staff, shopee-webhook)
- api_request: 55 source operations
- auth: 37 source operations
- realtime: 12 source operations
- rpc: 113 source operations
- storage: 16 source operations
- table: 118 source operations
- SQL functionDefinitionOccurrences: 193
- SQL uniqueFunctionSignatures: 156
- SQL functionGrantEvents: 149
- SQL functionRevokeEvents: 208
- SQL functionSearchPathHardeningEvents: 6
- SQL effectiveSecurityDefinerWithoutFixedSearchPath: 0
- SQL effectiveFunctionsWithPublicExecute: 0
- SQL effectiveFunctionsWithAnonExecute: 14
- SQL effectiveFunctionsWithAuthenticatedExecute: 84
- SQL effectiveFunctionsWithServiceRoleExecute: 8
- SQL scheduledJobs: 0
- SQL publicationChanges: 16
- SQL policyDefinitions: 145
- SQL storagePolicyDefinitions: 15
- Dynamic operations requiring explicit review: 0
- Exact expected anonymous function grants: 14
- Unexpected PUBLIC function grants: 0
- Unexpected anonymous function grants: 0
- Missing expected anonymous function grants: 0
- BFF route-control classification gaps: 0
- Wildcard CORS production sources: 0

This is a source inventory, not deployment or authorization evidence.

> k2-jimzon-prototype@0.1.0 security:secrets
> node scripts/scan-secrets.mjs

Secret scan passed (1056 files checked; secret values are never printed).
✓ Import-integrity check passed — all hooks and supabase usages are imported.

> k2-jimzon-prototype@0.1.0 build:storefront
> vite build --mode storefront --configLoader runner && node scripts/emit-static-404.mjs storefront && node scripts/emit-storefront-sitemap.mjs && node scripts/verify-build-boundary.mjs storefront && node scripts/verify-bundle-budgets.mjs storefront && node scripts/scan-secrets.mjs dist

vite v6.4.3 building for storefront...
transforming...
✓ 1131 modules transformed.
rendering chunks...
computing gzip size...
dist/k2-build-target.json                        0.03 kB │ gzip:   0.05 kB
dist/manifest.json                               0.74 kB │ gzip:   0.30 kB
dist/index.html                                  2.87 kB │ gzip:   0.98 kB
dist/.vite/manifest.json                         8.92 kB │ gzip:   1.35 kB
dist/assets/Home-Cb_2kCwY.css                    1.49 kB │ gzip:   0.63 kB
dist/assets/InteractiveShop-DbXP6hQO.css        24.87 kB │ gzip:   5.69 kB
dist/assets/index-xNa4iMGE.css                 179.48 kB │ gzip:  26.85 kB
dist/assets/imageFallback-hAkI1eqm.js            0.22 kB │ gzip:   0.18 kB
dist/assets/guestCommerceService-BZYw9SsU.js     0.25 kB │ gzip:   0.16 kB
dist/assets/supabaseClient-B0NkNPxj.js           0.59 kB │ gzip:   0.43 kB
dist/assets/NotFound-B-OnymAo.js                 0.92 kB │ gzip:   0.52 kB
dist/assets/TurnstileChallenge-CI7gdREP.js       1.13 kB │ gzip:   0.65 kB
dist/assets/Catalog-C3AK0_dm.js                  1.50 kB │ gzip:   0.78 kB
dist/assets/HeroVideo-DEYr9JuR.js                1.61 kB │ gzip:   0.70 kB
dist/assets/site-Br8zh5PS.js                     1.97 kB │ gzip:   1.13 kB
dist/assets/ProductVisual-BIGsgKJD.js            2.24 kB │ gzip:   1.05 kB
dist/assets/globeSeedReviews-BPx5JJ9f.js         2.50 kB │ gzip:   1.12 kB
dist/assets/Confirmation-DfMvgr0s.js             3.38 kB │ gzip:   1.42 kB
dist/assets/CatalogGrid-Cd2F4ygY.js              5.18 kB │ gzip:   2.09 kB
dist/assets/CartDrawer-Bjp6_KR0.js               5.45 kB │ gzip:   1.99 kB
dist/assets/Contact-BSkvhccU.js                  5.72 kB │ gzip:   2.08 kB
dist/assets/Checkout-B6mdqYxQ.js                 6.97 kB │ gzip:   2.49 kB
dist/assets/Pasabuy-Ck3bx1cT.js                  8.25 kB │ gzip:   2.90 kB
dist/assets/ProductCard-DTnqa8DQ.js              8.75 kB │ gzip:   2.67 kB
dist/assets/GuestMessages-yZFR21R-.js           10.35 kB │ gzip:   3.59 kB
dist/assets/GlobeSection--HAG6Dg1.js            12.77 kB │ gzip:   4.99 kB
dist/assets/Wholesale-nXeE9sod.js               17.85 kB │ gzip:   4.96 kB
dist/assets/CustomerAccount-4KjHKGmo.js         20.99 kB │ gzip:   6.08 kB
dist/assets/MasterProduct-CjTIIfEZ.js           22.68 kB │ gzip:   6.45 kB
dist/assets/Home-B16-RRxr.js                    27.22 kB │ gzip:   8.21 kB
dist/assets/InteractiveShop-D6SGE1ZZ.js         52.09 kB │ gzip:  16.08 kB
dist/assets/index-BxydgRQB.js                   96.82 kB │ gzip:  33.65 kB
dist/assets/ShelfScene3D-nDX07BER.js           124.47 kB │ gzip:  37.93 kB
dist/assets/vendor-motion-CTd0zmVj.js          128.88 kB │ gzip:  42.38 kB
dist/assets/vendor-react-C4FUtlfE.js           193.89 kB │ gzip:  60.58 kB
dist/assets/vendor-supabase-kPbh7bwL.js        215.54 kB │ gzip:  55.86 kB
dist/assets/react-three-fiber.esm-BeDnU7Sm.js  894.12 kB │ gzip: 241.21 kB

(!) Some chunks are larger than 500 kB after minification. Consider:
- Using dynamic import() to code-split the application
- Use build.rollupOptions.output.manualChunks to improve chunking: https://rollupjs.org/configuration-options/#output-manualchunks
- Adjust chunk size limit for this warning via build.chunkSizeWarningLimit.
✓ built in 12.09s
Emitted storefront static 404 recovery page.
[sitemap] dist/sitemap.xml written with 2 stable routes and 0 product URLs
[metadata] 0 product pages prerendered
[sitemap] NOTE: the pre-launch indexing gate is ON, so no product URL is
[sitemap] listed and /product/* is served noindex. This is deliberate while
[sitemap] products have no photographs or descriptions. To launch product
[sitemap] pages into search, follow docs/PRELAUNCH_INDEXING.md.
Verified storefront production boundary (31 manifest modules, no source maps/dev markers, and one reviewed Supabase localhost library marker).
Storefront landing budget passed: JS 149.85 kB/150.00 kB gzip; CSS 27.48 kB/30.00 kB gzip.
Secret scan passed (68 files checked; secret values are never printed).
