
> k2-jimzon-prototype@0.1.0 test:admin-ui
> playwright test --config=playwright.admin.config.js tests/admin.spec.js tests/admin-dashboard-redesign.spec.js --output=.tools/admin-20260915

[WebServer] (node:19688) Warning: The 'NO_COLOR' env is ignored due to the 'FORCE_COLOR' env being set.
[WebServer] (Use `node --trace-warnings ...` to show where the warning was created)
[WebServer] (node:20664) Warning: The 'NO_COLOR' env is ignored due to the 'FORCE_COLOR' env being set.
[WebServer] (Use `node --trace-warnings ...` to show where the warning was created)

Running 32 tests using 1 worker

(node:18508) Warning: The 'NO_COLOR' env is ignored due to the 'FORCE_COLOR' env being set.
(Use `node --trace-warnings ...` to show where the warning was created)
  ok  1 [chromium] › tests\admin-dashboard-redesign.spec.js:190:3 › admin command center redesign › left-panel widgets show one workspace and preserve every dashboard destination (1.5m)
  ok  2 [chromium] › tests\admin-dashboard-redesign.spec.js:209:3 › admin command center redesign › widget source failures stay unavailable and recover without inventing zero totals (16.2s)
  ok  3 [chromium] › tests\admin-dashboard-redesign.spec.js:230:3 › admin command center redesign › unknown channels remain separate and empty records are not marketplace analytics (11.6s)
  ok  4 [chromium] › tests\admin-dashboard-redesign.spec.js:241:3 › admin command center redesign › phone metrics and navigation stay readable and incomplete totals cannot be exported (6.9s)
  ok  5 [chromium] › tests\admin-dashboard-redesign.spec.js:275:3 › admin command center redesign › malformed stock source stays unavailable and new stock reflects on visibility refresh (2.3s)
  ok  6 [chromium] › tests\admin-dashboard-redesign.spec.js:303:3 › admin command center redesign › failed period refresh preserves and labels the prior snapshot and export period (1.2s)
  ok  7 [chromium] › tests\admin-dashboard-redesign.spec.js:320:3 › admin command center redesign › renders multichannel analytics without desktop overflow (3.0s)
  ok  8 [chromium] › tests\admin-dashboard-redesign.spec.js:413:3 › admin command center redesign › computes a bounded sales plan without presenting it as recorded finance truth (2.2s)
  ok  9 [chromium] › tests\admin-dashboard-redesign.spec.js:556:3 › admin command center redesign › collapses safely for mobile operations (1.0s)
  ok 10 [chromium] › tests\admin-dashboard-redesign.spec.js:581:3 › admin command center redesign › keeps Wholesale inquiry triage honest and usable at 375px (948ms)
  ok 11 [chromium] › tests\admin-dashboard-redesign.spec.js:618:3 › admin command center redesign › keeps Globe review evidence and publication controls usable at 375px (1.2s)
  ok 12 [chromium] › tests\admin-dashboard-redesign.spec.js:659:3 › admin command center redesign › keeps supplier evidence and unavailable procurement powers clear at 375px (949ms)
  ok 13 [chromium] › tests\admin-dashboard-redesign.spec.js:686:3 › admin command center redesign › keeps signed channel evidence and connector truth usable at 375px (1.1s)
  ok 14 [chromium] › tests\admin-dashboard-redesign.spec.js:717:3 › admin command center redesign › keeps staff privilege changes reasoned and recoverable at 375px (962ms)
  ok 15 [chromium] › tests\admin-dashboard-redesign.spec.js:764:3 › admin command center redesign › lets an invited staff account enroll an authenticator through the secure pending session at 375px (803ms)
  ok 16 [chromium] › tests\admin-dashboard-redesign.spec.js:816:3 › admin command center redesign › requests and completes staff password recovery without account enumeration at 375px (1.0s)
  ok 17 [chromium] › tests\admin-dashboard-redesign.spec.js:874:3 › admin command center redesign › replaces an active Admin authenticator with a reason and keeps recovery honest at 375px (798ms)
  ok 18 [chromium] › tests\admin-dashboard-redesign.spec.js:930:3 › admin command center redesign › keeps protected system readiness boolean-only and recoverable at 375px (576ms)
  ok 19 [chromium] › tests\admin-dashboard-redesign.spec.js:959:3 › admin command center redesign › keeps product-media validation and recovery usable at 375px (1.3s)
  ok 20 [chromium] › tests\admin-dashboard-redesign.spec.js:1033:3 › admin command center redesign › keeps phone product intake usable, truthful, and recoverable at 375px (1.4s)
  ok 21 [chromium] › tests\admin-dashboard-redesign.spec.js:1135:3 › admin command center redesign › keeps the five operational workspaces readable and overflow-safe (4.7s)
  ok 22 [chromium] › tests\admin-dashboard-redesign.spec.js:1157:3 › admin command center redesign › the store asset queue mounts and offers a real publish path (1.2s)
  ok 23 [chromium] › tests\admin-dashboard-redesign.spec.js:1175:3 › admin command center redesign › the workflow map exposes the channels section and names what is not connected (1.4s)
  ok 24 [chromium] › tests\admin-dashboard-redesign.spec.js:1191:3 › admin command center redesign › keeps high-frequency workspace controls usable on mobile (3.2s)
  ok 25 [chromium] › tests\admin-dashboard-redesign.spec.js:1223:3 › admin command center redesign › renders the complete connected workflow graph with traceable routes (2.1s)
  ok 26 [chromium] › tests\admin-dashboard-redesign.spec.js:1271:3 › admin command center redesign › shows the complete paid-API blocker and manual fallback in the phone guide (614ms)
  ok 27 [chromium] › tests\admin.spec.js:8:1 › Google admin OAuth returns to the guarded admin route (3ms)
  ok 28 [chromium] › tests\admin.spec.js:26:1 › Google callback exposes the authenticator step instead of returning to login (4ms)
  ok 29 [chromium] › tests\admin.spec.js:45:1 › OAuth credentials are removed from the Admin callback URL (3ms)
  ok 30 [chromium] › tests\admin.spec.js:80:3 › admin access boundary › guarded path works and requires real Supabase authentication (664ms)
  ok 31 [chromium] › tests\admin.spec.js:89:3 › admin access boundary › legacy localStorage flag cannot bypass the auth gate (645ms)
  ok 32 [chromium] › tests\admin.spec.js:96:3 › admin access boundary › backend-not-configured sign-in fails clearly (1.0s)

  32 passed (2.8m)
