
> k2-jimzon-prototype@0.1.0 prebuild:admin
> npm run prebuild


> k2-jimzon-prototype@0.1.0 prebuild
> npm run security:test && npm run security:test-env-contract && npm run security:test-files && npm run security:files && npm run security:test-env-source && npm run security:env-source && npm run security:dependency-policy && npm run security:surfaces && npm run security:secrets && node scripts/check-imports.mjs


> k2-jimzon-prototype@0.1.0 security:test
> node scripts/test-secret-scan.mjs

Secret scanner tests passed (fabricated values only).

> k2-jimzon-prototype@0.1.0 security:test-env-contract
> node scripts/verify-deployment-environment-contract.mjs --self-test

Deployment environment contract self-test passed (5 fixtures).

> k2-jimzon-prototype@0.1.0 security:test-files
> node scripts/test-sensitive-file-policy.mjs

Sensitive-file policy tests passed (13 blocked, 4 allowed, and the source inventory).

> k2-jimzon-prototype@0.1.0 security:files
> node scripts/verify-tracked-sensitive-files.mjs

Sensitive-file policy passed in git mode (1031 files checked).

> k2-jimzon-prototype@0.1.0 security:test-env-source
> node scripts/test-environment-source-boundary.mjs

Environment source-boundary tests passed (8 fixtures).

> k2-jimzon-prototype@0.1.0 security:env-source
> node scripts/verify-environment-source-boundary.mjs

Environment source boundary passed (199 browser and 163 server/Edge files checked).

> k2-jimzon-prototype@0.1.0 security:dependency-policy
> node scripts/verify-dependency-policy.mjs

Dependency policy passed (18 direct, 278 locked packages, 3 reviewed install scripts).
Reviewed licenses: 0BSD=2, Apache-2.0=25, Apache-2.0 AND LGPL-3.0-or-later=3, Apache-2.0 AND LGPL-3.0-or-later AND MIT=1, BSD-3-Clause=2, CC-BY-4.0=1, ISC=11, LGPL-3.0-or-later=10, MIT=210, MPL-2.0=12, UNKNOWN=1

> k2-jimzon-prototype@0.1.0 security:surfaces
> node scripts/audit-security-surfaces.mjs --fail-on-gaps

# MAP-020 Security Surface Inventory

Generated: 2026-09-15T02:22:56.022Z

- Prepared Admin routes: 92
- Prepared Storefront routes: 15
- Supabase Edge Functions: 2 (invite-staff, shopee-webhook)
- api_request: 55 source operations
- auth: 37 source operations
- realtime: 12 source operations
- rpc: 113 source operations
- storage: 16 source operations
- table: 121 source operations
- SQL functionDefinitionOccurrences: 198
- SQL uniqueFunctionSignatures: 157
- SQL functionGrantEvents: 149
- SQL functionRevokeEvents: 209
- SQL functionSearchPathHardeningEvents: 6
- SQL effectiveSecurityDefinerWithoutFixedSearchPath: 0
- SQL effectiveFunctionsWithPublicExecute: 0
- SQL effectiveFunctionsWithAnonExecute: 14
- SQL effectiveFunctionsWithAuthenticatedExecute: 84
- SQL effectiveFunctionsWithServiceRoleExecute: 8
- SQL scheduledJobs: 0
- SQL publicationChanges: 16
- SQL policyDefinitions: 145
- SQL storagePolicyDefinitions: 15
- Dynamic operations requiring explicit review: 0
- Exact expected anonymous function grants: 14
- Unexpected PUBLIC function grants: 0
- Unexpected anonymous function grants: 0
- Missing expected anonymous function grants: 0
- BFF route-control classification gaps: 0
- Wildcard CORS production sources: 0

This is a source inventory, not deployment or authorization evidence.

> k2-jimzon-prototype@0.1.0 security:secrets
> node scripts/scan-secrets.mjs

Secret scan passed (1341 files checked; secret values are never printed).
✓ Import-integrity check passed — all hooks and supabase usages are imported.

> k2-jimzon-prototype@0.1.0 build:admin
> vite build --mode admin --configLoader runner && node scripts/emit-static-404.mjs admin && node scripts/emit-admin-head.mjs admin && node scripts/verify-build-boundary.mjs admin && node scripts/verify-bundle-budgets.mjs admin && node scripts/scan-secrets.mjs dist

vite v6.4.3 building for admin...
transforming...
✓ 734 modules transformed.
rendering chunks...
computing gzip size...
dist/k2-build-target.json                                0.02 kB │ gzip:  0.04 kB
dist/manifest.json                                       0.74 kB │ gzip:  0.30 kB
dist/index.html                                          2.98 kB │ gzip:  1.00 kB
dist/.vite/manifest.json                                14.97 kB │ gzip:  1.78 kB
dist/assets/index-B6BX3In3.css                         180.44 kB │ gzip: 27.01 kB
dist/assets/imageFallback-hAkI1eqm.js                    0.22 kB │ gzip:  0.18 kB
dist/assets/overviewAvailability-KjntB0_N.js             1.06 kB │ gzip:  0.56 kB
dist/assets/channelMeta-BGbhxyVg.js                      1.11 kB │ gzip:  0.49 kB
dist/assets/useRetainedFulfillmentCommand-C5HoM4X_.js    1.63 kB │ gzip:  0.90 kB
dist/assets/AdminWorkspaceUi-BbzHt4sH.js                 4.06 kB │ gzip:  1.44 kB
dist/assets/WorkflowGuideModal-BkGy6RRH.js               5.00 kB │ gzip:  1.94 kB
dist/assets/FefoWorkflowDiagram-DG3D4H97.js              5.80 kB │ gzip:  2.15 kB
dist/assets/Kanban-CHMdM9Q2.js                           5.86 kB │ gzip:  2.06 kB
dist/assets/FulfillmentWorkflowDiagram-CKGVlWb5.js       6.83 kB │ gzip:  2.67 kB
dist/assets/CustodyWorkflowDiagram-KCu9qTl7.js           6.87 kB │ gzip:  2.60 kB
dist/assets/FlightWorkflowDiagram-iMD5Ukwz.js            7.08 kB │ gzip:  2.76 kB
dist/assets/PasabuyWorkflowDiagram-aWHbjiH8.js           7.56 kB │ gzip:  2.96 kB
dist/assets/ReservationHolds-OYhBmtft.js                 7.85 kB │ gzip:  3.21 kB
dist/assets/Suppliers-BGmtLDie.js                       11.70 kB │ gzip:  3.86 kB
dist/assets/productResearchContract-DPJ2kkBA.js         12.47 kB │ gzip:  3.81 kB
dist/assets/ChannelIntegrations-C8sx81pq.js             14.59 kB │ gzip:  5.22 kB
dist/assets/GlobeCms-CTaRvO0y.js                        16.18 kB │ gzip:  4.91 kB
dist/assets/StoreAssetStudio-BDD6mYq2.js                16.57 kB │ gzip:  5.36 kB
dist/assets/Customers-CssxtqkV.js                       17.36 kB │ gzip:  5.26 kB
dist/assets/PasabuyManager-nxmACp-Q.js                  17.73 kB │ gzip:  6.27 kB
dist/assets/CouponManager-Dn8okP9z.js                   19.65 kB │ gzip:  5.78 kB
dist/assets/products-BoyBUo56.js                        21.94 kB │ gzip:  7.79 kB
dist/assets/Inbox-GqoZIGPr.js                           27.71 kB │ gzip:  8.19 kB
dist/assets/DeliveryRateControl-CnXJYiPO.js             28.48 kB │ gzip:  8.90 kB
dist/assets/StaffPermissionManager-Cw_JiHRW.js          32.72 kB │ gzip:  8.89 kB
dist/assets/ConsignmentManager-Cj4S1Bp7.js              34.95 kB │ gzip:  9.62 kB
dist/assets/Overview-89KDWGNX.js                        37.61 kB │ gzip: 10.75 kB
dist/assets/BulkCsvImportModal-tKq9RMSt.js              41.68 kB │ gzip: 14.62 kB
dist/assets/OmniOperationsHub-Bg41O7jT.js               47.89 kB │ gzip: 12.70 kB
dist/assets/InventoryGrid-CSQuwE9y.js                   52.70 kB │ gzip: 15.02 kB
dist/assets/OwnerCountClose-BDBiLuri.js                 70.01 kB │ gzip: 18.31 kB
dist/assets/index-Cm_Gx2gf.js                           74.06 kB │ gzip: 22.98 kB
dist/assets/Sheet-D10iuZbL.js                           94.66 kB │ gzip: 22.82 kB
dist/assets/MasterWorkflowGraph-RWzK5hDQ.js            108.26 kB │ gzip: 33.73 kB
dist/assets/vendor-motion-D7NbBDCH.js                  128.79 kB │ gzip: 42.35 kB
dist/assets/ProductIntakeSessionModal-ZFuaw0td.js      147.91 kB │ gzip: 41.44 kB
dist/assets/Admin-CN6-pPkq.js                          189.73 kB │ gzip: 52.26 kB
dist/assets/vendor-react-BqYKgC4c.js                   193.95 kB │ gzip: 60.60 kB
dist/assets/vendor-supabase-kPbh7bwL.js                215.54 kB │ gzip: 55.86 kB
dist/assets/html5-qrcode-scanner-DtyOXnoP.js           334.59 kB │ gzip: 99.91 kB
✓ built in 6.67s
Emitted admin static 404 recovery page.
emit-admin-head: Admin discovery tags written to dist/index.html.
Verified admin production boundary (40 manifest modules, no source maps/dev markers, and one reviewed Supabase localhost library marker).
Admin application budget passed: 189.73 kB/300.00 kB minified.
Secret scan passed (75 files checked; secret values are never printed).
