
> k2-jimzon-prototype@0.1.0 prebuild
> npm run security:test && npm run security:test-env-contract && npm run security:test-files && npm run security:files && npm run security:test-env-source && npm run security:env-source && npm run security:dependency-policy && npm run security:surfaces && npm run security:secrets && node scripts/check-imports.mjs


> k2-jimzon-prototype@0.1.0 security:test
> node scripts/test-secret-scan.mjs

Secret scanner tests passed (fabricated values only).

> k2-jimzon-prototype@0.1.0 security:test-env-contract
> node scripts/verify-deployment-environment-contract.mjs --self-test

Deployment environment contract self-test passed (5 fixtures).

> k2-jimzon-prototype@0.1.0 security:test-files
> node scripts/test-sensitive-file-policy.mjs

Sensitive-file policy tests passed (13 blocked, 4 allowed, and the source inventory).

> k2-jimzon-prototype@0.1.0 security:files
> node scripts/verify-tracked-sensitive-files.mjs

Sensitive-file policy passed in git mode (1031 files checked).

> k2-jimzon-prototype@0.1.0 security:test-env-source
> node scripts/test-environment-source-boundary.mjs

Environment source-boundary tests passed (8 fixtures).

> k2-jimzon-prototype@0.1.0 security:env-source
> node scripts/verify-environment-source-boundary.mjs

Environment source boundary passed (198 browser and 163 server/Edge files checked).

> k2-jimzon-prototype@0.1.0 security:dependency-policy
> node scripts/verify-dependency-policy.mjs

Dependency policy passed (18 direct, 278 locked packages, 3 reviewed install scripts).
Reviewed licenses: 0BSD=2, Apache-2.0=25, Apache-2.0 AND LGPL-3.0-or-later=3, Apache-2.0 AND LGPL-3.0-or-later AND MIT=1, BSD-3-Clause=2, CC-BY-4.0=1, ISC=11, LGPL-3.0-or-later=10, MIT=210, MPL-2.0=12, UNKNOWN=1

> k2-jimzon-prototype@0.1.0 security:surfaces
> node scripts/audit-security-surfaces.mjs --fail-on-gaps

# MAP-020 Security Surface Inventory

Generated: 2026-09-14T14:11:08.424Z

- Prepared Admin routes: 92
- Prepared Storefront routes: 15
- Supabase Edge Functions: 2 (invite-staff, shopee-webhook)
- api_request: 55 source operations
- auth: 37 source operations
- realtime: 12 source operations
- rpc: 113 source operations
- storage: 16 source operations
- table: 119 source operations
- SQL functionDefinitionOccurrences: 198
- SQL uniqueFunctionSignatures: 157
- SQL functionGrantEvents: 149
- SQL functionRevokeEvents: 209
- SQL functionSearchPathHardeningEvents: 6
- SQL effectiveSecurityDefinerWithoutFixedSearchPath: 0
- SQL effectiveFunctionsWithPublicExecute: 0
- SQL effectiveFunctionsWithAnonExecute: 14
- SQL effectiveFunctionsWithAuthenticatedExecute: 84
- SQL effectiveFunctionsWithServiceRoleExecute: 8
- SQL scheduledJobs: 0
- SQL publicationChanges: 16
- SQL policyDefinitions: 145
- SQL storagePolicyDefinitions: 15
- Dynamic operations requiring explicit review: 0
- Exact expected anonymous function grants: 14
- Unexpected PUBLIC function grants: 0
- Unexpected anonymous function grants: 0
- Missing expected anonymous function grants: 0
- BFF route-control classification gaps: 0
- Wildcard CORS production sources: 0

This is a source inventory, not deployment or authorization evidence.

> k2-jimzon-prototype@0.1.0 security:secrets
> node scripts/scan-secrets.mjs

Secret scan passed (1305 files checked; secret values are never printed).
✓ Import-integrity check passed — all hooks and supabase usages are imported.
