[WebServer] (node:22136) Warning: The 'NO_COLOR' env is ignored due to the 'FORCE_COLOR' env being set.
[WebServer] (Use `node --trace-warnings ...` to show where the warning was created)
[WebServer] (node:20688) Warning: The 'NO_COLOR' env is ignored due to the 'FORCE_COLOR' env being set.
[WebServer] (Use `node --trace-warnings ...` to show where the warning was created)

Running 2 tests using 1 worker

(node:10656) Warning: The 'NO_COLOR' env is ignored due to the 'FORCE_COLOR' env being set.
(Use `node --trace-warnings ...` to show where the warning was created)
  x  1 tests\intake-ai-ui.spec.js:6:3 › packaging evidence retains exact file bytes and command identity after response loss (1.3m)
(node:20124) Warning: The 'NO_COLOR' env is ignored due to the 'FORCE_COLOR' env being set.
(Use `node --trace-warnings ...` to show where the warning was created)
  x  2 tests\intake-ai-ui.spec.js:6:3 › packaging evidence retains exact file bytes and command identity after refresh failure (24.8s)


  1) tests\intake-ai-ui.spec.js:6:3 › packaging evidence retains exact file bytes and command identity after response loss 

    Error: expect(locator).toContainText(expected) failed

    Locator: getByRole('alert')
    Expected substring: "may already be saved"
    Received string:    "Action not completed. The evidence photo could not be securely uploaded. Try again."
    Timeout: 5000ms

    Call log:
      - Expect "toContainText" with timeout 5000ms
      - waiting for getByRole('alert')
        14 × locator resolved to <div role="alert" tabindex="-1" class="p-3.5 bg-rose-500/10 border border-rose-500/30 text-rose-200 rounded-lg text-sm focus:outline-none">…</div>
           - unexpected value "Action not completed. The evidence photo could not be securely uploaded. Try again."


      27 |     await fileInput.setInputFiles({ name: 'package.png', mimeType: 'image/png', buffer: bytes })
      28 |     await expect.poll(() => calls.length).toBe(1)
    > 29 |     await expect(page.getByRole('alert')).toContainText('may already be saved')
         |                                           ^
      30 |     await expect(fileInput).toBeDisabled()
      31 |     await expect(page.getByRole('button', { name: 'Close product intake' })).toBeDisabled()
      32 |     await page.getByRole('button', { name: 'Retry exact evidence upload' }).click()
        at C:\Users\jerze\K2 JImzon\tests\intake-ai-ui.spec.js:29:43

    Error Context: .tools\evidence-upload-red\intake-ai-ui-packaging-evi-00001-dentity-after-response-loss\error-context.md

  2) tests\intake-ai-ui.spec.js:6:3 › packaging evidence retains exact file bytes and command identity after refresh failure 

    Error: expect(locator).toContainText(expected) failed

    Locator: getByRole('alert')
    Expected substring: "may already be saved"
    Received string:    "Action not completed. The secure admin service is temporarily unavailable."
    Timeout: 5000ms

    Call log:
      - Expect "toContainText" with timeout 5000ms
      - waiting for getByRole('alert')
        9 × locator resolved to <div role="alert" tabindex="-1" class="p-3.5 bg-rose-500/10 border border-rose-500/30 text-rose-200 rounded-lg text-sm focus:outline-none">…</div>
          - unexpected value "Action not completed. The secure admin service is temporarily unavailable."


      27 |     await fileInput.setInputFiles({ name: 'package.png', mimeType: 'image/png', buffer: bytes })
      28 |     await expect.poll(() => calls.length).toBe(1)
    > 29 |     await expect(page.getByRole('alert')).toContainText('may already be saved')
         |                                           ^
      30 |     await expect(fileInput).toBeDisabled()
      31 |     await expect(page.getByRole('button', { name: 'Close product intake' })).toBeDisabled()
      32 |     await page.getByRole('button', { name: 'Retry exact evidence upload' }).click()
        at C:\Users\jerze\K2 JImzon\tests\intake-ai-ui.spec.js:29:43

    Error Context: .tools\evidence-upload-red\intake-ai-ui-packaging-evi-e03d1-ntity-after-refresh-failure\error-context.md

  2 failed
    tests\intake-ai-ui.spec.js:6:3 › packaging evidence retains exact file bytes and command identity after response loss 
    tests\intake-ai-ui.spec.js:6:3 › packaging evidence retains exact file bytes and command identity after refresh failure 
