
Running 77 tests using 1 worker

(node:6720) Warning: The 'NO_COLOR' env is ignored due to the 'FORCE_COLOR' env being set.
(Use `node --trace-warnings ...` to show where the warning was created)
  ok  1 tests\admin-bff-contract.spec.js:127:1 › admin API fails closed on the storefront project and wrong origin (12ms)
  ok  2 tests\admin-bff-contract.spec.js:141:1 › admin auth endpoints enforce method and pending/session boundaries (11ms)
  ok  3 tests\admin-bff-contract.spec.js:164:1 › admin overview is fixed-schema, session-gated, and reports partial data safely (10ms)
  ok  4 tests\admin-bff-contract.spec.js:204:1 › prepared admin client uses same-origin cookies and never receives Supabase tokens (7ms)
  ok  5 tests\admin-bff-contract.spec.js:219:1 › secure Admin does not mount the shared direct-browser Globe Auth and data provider (5ms)
  ok  6 tests\admin-bff-contract.spec.js:234:1 › staff password recovery is server-only, callback-bounded, and leaves provider tokens out of browser code (14ms)
  ok  7 tests\admin-bff-contract.spec.js:261:1 › staff password recovery consumes a signed durable pre-auth budget without storing raw identifiers (4ms)
  ok  8 tests\admin-bff-contract.spec.js:273:1 › staff recovery pre-auth signer hides identifiers and rejects malformed boundary results (23ms)
  ok  9 tests\admin-bff-contract.spec.js:337:1 › durable staff recovery denial returns Retry-After before requesting provider email (7ms)
  ok 10 tests\admin-bff-contract.spec.js:370:1 › durable staff login denial returns Retry-After before password-provider authentication (15ms)
  ok 11 tests\admin-bff-contract.spec.js:422:1 › Admin login and recovery bot denials happen after durable budgets and before provider calls (10ms)
  ok 12 tests\admin-bff-contract.spec.js:470:1 › durable pending MFA denial returns Retry-After before provider session restoration (14ms)
  ok 13 tests\admin-bff-contract.spec.js:536:1 › durable recovery completion denial returns Retry-After before provider session restoration (11ms)
  ok 14 tests\admin-bff-contract.spec.js:584:1 › durable recovery verification denial returns Retry-After before token verification (9ms)
  ok 15 tests\admin-bff-contract.spec.js:617:1 › staff password recovery validates exact payloads, exact callback host, and short recovery cookies (13ms)
  ok 16 tests\admin-bff-contract.spec.js:655:1 › staff password recovery handlers fail closed before provider activation (7ms)
  ok 17 tests\admin-bff-contract.spec.js:693:1 › admin and storefront providers remain separate production runtimes (9ms)
  ok 18 tests\admin-bff-contract.spec.js:707:1 › admin product projection is session-gated and derives stock without exposing full rows (3ms)
  ok 19 tests\admin-bff-contract.spec.js:733:1 › fulfillment BFF is session/CSRF/idempotency gated and validates fixed command schemas (7ms)
  ok 20 tests\admin-bff-contract.spec.js:756:1 › payment verdicts require the Admin role while warehouse commands stay with Staff (7ms)
  ok 21 tests\admin-bff-contract.spec.js:769:1 › operational payment evidence rejects non-text JSON values (5ms)
  ok 22 tests\admin-bff-contract.spec.js:782:1 › operational delivery amounts require explicit numbers and preserve zero (10ms)
  ok 23 tests\admin-bff-contract.spec.js:790:1 › operational stock quantities reject coercion before signing (5ms)
  ok 24 tests\admin-bff-contract.spec.js:798:1 › operational receiving rejects impossible expiry dates and coerced declarations (9ms)
  ok 25 tests\admin-bff-contract.spec.js:808:1 › operational receiving scan codes must be text (4ms)
  ok 26 tests\admin-bff-contract.spec.js:815:1 › operational channel verification rejects fabricated reference and reason types (7ms)
  ok 27 tests\admin-bff-contract.spec.js:823:1 › fulfillment boundary is signed, replay-safe, and remains feature-gated (7ms)
  ok 28 tests\admin-bff-contract.spec.js:836:1 › universal inbox BFF preserves internal-note truth and rejects loose payloads (9ms)
  ok 29 tests\admin-bff-contract.spec.js:865:1 › prepared inbox boundary keeps internal notes private and website replies signed (10ms)
  ok 30 tests\admin-bff-contract.spec.js:890:1 › Pasabuy BFF is session/idempotency gated and bounds owner-selected pricing (8ms)
  ok 31 tests\admin-bff-contract.spec.js:917:1 › prepared Pasabuy boundary is signed, durable, rationale-audited, and feature-gated (7ms)
  ok 32 tests\admin-bff-contract.spec.js:939:1 › product-intake BFF is session/idempotency gated and rejects loose operational input (12ms)
  ok 33 tests\admin-bff-contract.spec.js:989:1 › prepared product-intake boundary is named, signed, receipt-backed, and upload-honest (4ms)
  ok 34 tests\admin-bff-contract.spec.js:1004:1 › private intake evidence requires real single-image decoding and strips metadata (66ms)
  ok 35 tests\admin-bff-contract.spec.js:1021:1 › pending Admin MFA enrollment is exact, bounded, stale-factor-safe, and returns verified session material only (14ms)
  ok 36 tests\admin-bff-contract.spec.js:1066:1 › active Admin MFA replacement is reasoned, signed, exact-factor-safe, and separately gated (24ms)
  ok 37 tests\admin-bff-contract.spec.js:1188:1 › public product media is session-gated and registered only after server byte verification (8ms)
  ok 38 tests\admin-bff-contract.spec.js:1219:1 › product media assignment is signed, receipt-bound, reasoned, and removal-safe (22ms)
  ok 39 tests\admin-bff-contract.spec.js:1277:1 › Globe and review claims are Admin-only, evidence-bound, reversible, and publicly least-privileged (15ms)
  ok 40 tests\admin-bff-contract.spec.js:1316:1 › procurement reads are fixed and supplier creation is Admin-only, reasoned, and receipt-backed (12ms)
  ok 41 tests\admin-bff-contract.spec.js:1334:1 › channel readiness is aggregated and internal verification is signed, reasoned, and Admin-only (6ms)
  ok 42 tests\admin-bff-contract.spec.js:1352:1 › staff access reads are fixed and role/PIN changes are signed, reasoned, and Admin-only (10ms)
  ok 43 tests\admin-bff-contract.spec.js:1373:1 › staff invitations cross one exact reason-bound BFF route without exposing the provider session (13ms)
  ok 44 tests\admin-bff-contract.spec.js:1423:1 › system readiness is Admin-only, boolean-only, and never exposes raw diagnostics (7ms)
  ok 45 tests\admin-bff-contract.spec.js:1438:1 › durable Admin sessions use exact owner-bound signed commands (10ms)
  ok 46 tests\admin-bff-contract.spec.js:1479:1 › product-master commands are exact, reasoned, idempotent, and Admin-only (19ms)
  ok 47 tests\admin-bff-contract.spec.js:1530:1 › prepared Admin session registry is private, AAL2-bound, and fail-closed (25ms)
  ok 48 tests\admin-bff-contract.spec.js:1580:1 › single-function Admin router allowlists every prepared endpoint and rejects unknown paths (34ms)
  ok 49 tests\admin-bff-contract.spec.js:1690:1 › deployable Admin entrypoint remains unavailable until its independent server switch is enabled (2ms)
  ok 50 tests\admin-bff-contract.spec.js:1709:1 › failed intake evidence registration removes the unregistered private object (3ms)
  ok 51 tests\admin-bff-contract.spec.js:1733:1 › failed intake evidence cleanup is durable, retryable, and never exposes its private path (4ms)
  ok 52 tests\admin-bff-contract.spec.js:1780:1 › provider cleanup failure stays pending and is not falsely marked complete (2ms)
  ok 53 tests\admin-bff-contract.spec.js:1809:1 › unexpected cleanup claim state cannot reach private evidence deletion (2ms)
  ok 54 tests\admin-bff-contract.spec.js:1840:1 › cleanup stays pending without an exact completion receipt (1ms)
  ok 55 tests\admin-bff-contract.spec.js:1871:1 › flight consignment BFF is session/idempotency gated and validates exact scan truth (5ms)
  ok 56 tests\admin-bff-contract.spec.js:1896:1 › prepared flight boundary preserves unit scans, reasons, durable retry, and direct-RPC cutover (7ms)
  ok 57 tests\admin-bff-contract.spec.js:1913:1 › customer BFF is session-gated and keeps canonical identities separate (3ms)
  ok 58 tests\admin-bff-contract.spec.js:1937:1 › Wholesale inquiry projection is staff/AAL2-only, fixed, and has no commercial authority (16ms)
  ok 59 tests\admin-bff-contract.spec.js:1958:1 › coupon BFF is session/idempotency gated and validates exact financial rules (11ms)
  ok 60 tests\admin-bff-contract.spec.js:1984:1 › prepared coupon boundary is admin-only, reasoned, auditable, and feature-gated (7ms)
  ok 61 tests\admin-bff-contract.spec.js:2002:1 › lot and expiry BFF is session/idempotency gated and rejects unsafe reconciliation input (9ms)
  ok 62 tests\admin-bff-contract.spec.js:2033:1 › prepared lot boundary derives sellable stock, preserves reservations, and replaces prompt-based decisions (12ms)
  ok 63 tests\admin-command-retry.spec.js:27:1 › a retained operation session replays one logical operation until it resolves (6ms)
  ok 64 tests\admin-command-retry.spec.js:45:1 › different payloads stay separate operations and concurrent identical calls share one request (2ms)
  ok 65 tests\admin-command-retry.spec.js:61:1 › a disposed session refuses new work and reports nothing unresolved (2ms)
  ok 66 tests\admin-command-retry.spec.js:73:1 › stock holds retry as one operation and report unconfirmed outcomes distinctly (3ms)
  ok 67 tests\admin-command-retry.spec.js:83:1 › delivery rate commands retry as one operation and report unconfirmed outcomes distinctly (4ms)
  ok 68 tests\admin-command-retry.spec.js:92:1 › consignment commands keep the slot-bound identity they already had (3ms)
  ok 69 tests\product-intake-contract.spec.js:10:1 › intake rejects coerced quantities and costs before they become inventory facts (13ms)
  ok 70 tests\product-intake-contract.spec.js:44:1 › duplicate search escapes like-wildcards instead of matching every SKU (3ms)
  ok 71 tests\product-intake-contract.spec.js:56:1 › product intake cannot fabricate browser-side product, lot, or publication success (18ms)
  ok 72 tests\product-intake-contract.spec.js:91:1 › database contract is staff-owned, MFA-gated, idempotent, and private (10ms)
  ok 73 tests\product-intake-contract.spec.js:116:1 › phone intake exposes one persistent retry state when orphan cleanup is pending (3ms)
  ok 74 tests\product-intake-contract.spec.js:131:1 › interrupted intake resumes from the server-saved field review without fabricating progress (157ms)
  ok 75 tests\product-intake-contract.spec.js:177:1 › current product JSON accepts content and rejects operational authority (8ms)
  ok 76 tests\product-intake-contract.spec.js:216:1 › upload validation strictly rejects unauthorized MIMEs, scripts, and oversized files (31ms)
  ok 77 tests\product-intake-contract.spec.js:242:1 › wholesale inquiry is an explicit unsent handoff and cannot fabricate commercial state (8ms)

  77 passed (6.7s)
