[WebServer] (node:8016) Warning: The 'NO_COLOR' env is ignored due to the 'FORCE_COLOR' env being set.
[WebServer] (Use `node --trace-warnings ...` to show where the warning was created)
[WebServer] (node:17336) Warning: The 'NO_COLOR' env is ignored due to the 'FORCE_COLOR' env being set.
[WebServer] (Use `node --trace-warnings ...` to show where the warning was created)

Running 2 tests using 1 worker

(node:21048) Warning: The 'NO_COLOR' env is ignored due to the 'FORCE_COLOR' env being set.
(Use `node --trace-warnings ...` to show where the warning was created)
  x  1 tests\intake-ai-ui.spec.js:5:1 › an incomplete resume read never authorizes a new intake session (2.0m)
(node:10264) Warning: The 'NO_COLOR' env is ignored due to the 'FORCE_COLOR' env being set.
(Use `node --trace-warnings ...` to show where the warning was created)
  x  2 tests\intake-ai-ui.spec.js:63:3 › intake session creation retains both identities after retry denial (7.3s)


  1) tests\intake-ai-ui.spec.js:5:1 › an incomplete resume read never authorizes a new intake session 

    Test timeout of 120000ms exceeded.

    Error: expect(locator).toBeVisible() failed

    Locator: getByRole('button', { name: 'Retry session setup', exact: true })
    Expected: visible
    Error: element(s) not found

    Call log:
      - Expect "toBeVisible" with timeout 90000ms
      - waiting for getByRole('button', { name: 'Retry session setup', exact: true })


      16 |   })
      17 |   await page.goto('/tests/fixtures/intake-ai-harness.html?modal')
    > 18 |   await expect(page.getByRole('button', { name: 'Retry session setup', exact: true })).toBeVisible({ timeout: 90000 })
         |                                                                                        ^
      19 |   expect(creates).toBe(0)
      20 |   await page.getByRole('button', { name: 'Retry session setup', exact: true }).click()
      21 |   await expect(page.getByLabel('Product barcode, SKU, or name')).toHaveValue('Existing fixture session')
        at C:\Users\jerze\K2 JImzon\tests\intake-ai-ui.spec.js:18:88

    Error Context: .tools\intake-boundaries-red\intake-ai-ui-an-incomplete-55353-orizes-a-new-intake-session\error-context.md

  2) tests\intake-ai-ui.spec.js:63:3 › intake session creation retains both identities after retry denial 

    Error: expect(locator).toContainText(expected) failed

    Locator: getByRole('alert')
    Expected substring: "may already be saved"
    Received string:    "Action not completed. Staff access is required for this area.Retry session setup"
    Timeout: 5000ms

    Call log:
      - Expect "toContainText" with timeout 5000ms
      - waiting for getByRole('alert')
        14 × locator resolved to <div role="alert" tabindex="-1" class="p-3.5 bg-rose-500/10 border border-rose-500/30 text-rose-200 rounded-lg text-sm focus:outline-none">…</div>
           - unexpected value "Action not completed. Staff access is required for this area.Retry session setup"


      84 |     await page.getByRole('button', { name: 'Retry exact session setup' }).click()
      85 |     if (failure === 'retry denial') {
    > 86 |       await expect.poll(() => calls.length).toBe(2)
         |                                             ^
      87 |       await expect(page.getByRole('alert')).toContainText('may already be saved')
      88 |       await expect(page.getByRole('button', { name: 'Close product intake' })).toBeDisabled()
      89 |       await page.getByRole('button', { name: 'Retry exact session setup' }).click()
        at C:\Users\jerze\K2 JImzon\tests\intake-ai-ui.spec.js:86:45

    Error Context: .tools\intake-boundaries-red\intake-ai-ui-intake-sessio-42e81-entities-after-retry-denial\error-context.md

  2 failed
    tests\intake-ai-ui.spec.js:5:1 › an incomplete resume read never authorizes a new intake session 
    tests\intake-ai-ui.spec.js:63:3 › intake session creation retains both identities after retry denial 
