
Running 72 tests using 1 worker

(node:19628) Warning: The 'NO_COLOR' env is ignored due to the 'FORCE_COLOR' env being set.
(Use `node --trace-warnings ...` to show where the warning was created)
  ok  1 tests\admin-bff-contract.spec.js:127:1 › admin API fails closed on the storefront project and wrong origin (15ms)
  ok  2 tests\admin-bff-contract.spec.js:141:1 › admin auth endpoints enforce method and pending/session boundaries (8ms)
  ok  3 tests\admin-bff-contract.spec.js:164:1 › admin overview is fixed-schema, session-gated, and reports partial data safely (11ms)
  ok  4 tests\admin-bff-contract.spec.js:204:1 › prepared admin client uses same-origin cookies and never receives Supabase tokens (7ms)
  ok  5 tests\admin-bff-contract.spec.js:219:1 › secure Admin does not mount the shared direct-browser Globe Auth and data provider (4ms)
  ok  6 tests\admin-bff-contract.spec.js:234:1 › staff password recovery is server-only, callback-bounded, and leaves provider tokens out of browser code (17ms)
  ok  7 tests\admin-bff-contract.spec.js:261:1 › staff password recovery consumes a signed durable pre-auth budget without storing raw identifiers (5ms)
  ok  8 tests\admin-bff-contract.spec.js:273:1 › staff recovery pre-auth signer hides identifiers and rejects malformed boundary results (20ms)
  ok  9 tests\admin-bff-contract.spec.js:337:1 › durable staff recovery denial returns Retry-After before requesting provider email (9ms)
  ok 10 tests\admin-bff-contract.spec.js:370:1 › durable staff login denial returns Retry-After before password-provider authentication (12ms)
  ok 11 tests\admin-bff-contract.spec.js:422:1 › Admin login and recovery bot denials happen after durable budgets and before provider calls (8ms)
  ok 12 tests\admin-bff-contract.spec.js:470:1 › durable pending MFA denial returns Retry-After before provider session restoration (11ms)
  ok 13 tests\admin-bff-contract.spec.js:536:1 › durable recovery completion denial returns Retry-After before provider session restoration (7ms)
  ok 14 tests\admin-bff-contract.spec.js:584:1 › durable recovery verification denial returns Retry-After before token verification (8ms)
  ok 15 tests\admin-bff-contract.spec.js:617:1 › staff password recovery validates exact payloads, exact callback host, and short recovery cookies (16ms)
  ok 16 tests\admin-bff-contract.spec.js:655:1 › staff password recovery handlers fail closed before provider activation (7ms)
  ok 17 tests\admin-bff-contract.spec.js:693:1 › admin and storefront providers remain separate production runtimes (5ms)
  ok 18 tests\admin-bff-contract.spec.js:707:1 › admin product projection is session-gated and derives stock without exposing full rows (4ms)
  ok 19 tests\admin-bff-contract.spec.js:733:1 › admin products never turn missing or malformed stock projections into healthy totals (10ms)
  ok 20 tests\admin-bff-contract.spec.js:752:1 › admin products preserve canonical zero and numeric-string stock totals (2ms)
  ok 21 tests\admin-bff-contract.spec.js:769:1 › fulfillment BFF is session/CSRF/idempotency gated and validates fixed command schemas (8ms)
  ok 22 tests\admin-bff-contract.spec.js:792:1 › payment verdicts require the Admin role while warehouse commands stay with Staff (5ms)
  ok 23 tests\admin-bff-contract.spec.js:805:1 › operational payment evidence rejects non-text JSON values (4ms)
  ok 24 tests\admin-bff-contract.spec.js:818:1 › operational delivery amounts require explicit numbers and preserve zero (6ms)
  ok 25 tests\admin-bff-contract.spec.js:826:1 › operational stock quantities reject coercion before signing (4ms)
  ok 26 tests\admin-bff-contract.spec.js:834:1 › operational receiving rejects impossible expiry dates and coerced declarations (6ms)
  ok 27 tests\admin-bff-contract.spec.js:844:1 › operational receiving scan codes must be text (3ms)
  ok 28 tests\admin-bff-contract.spec.js:851:1 › operational channel verification rejects fabricated reference and reason types (4ms)
  ok 29 tests\admin-bff-contract.spec.js:859:1 › fulfillment boundary is signed, replay-safe, and remains feature-gated (4ms)
  ok 30 tests\admin-bff-contract.spec.js:872:1 › universal inbox BFF preserves internal-note truth and rejects loose payloads (7ms)
  ok 31 tests\admin-bff-contract.spec.js:901:1 › prepared inbox boundary keeps internal notes private and website replies signed (8ms)
  ok 32 tests\admin-bff-contract.spec.js:926:1 › Pasabuy BFF is session/idempotency gated and bounds owner-selected pricing (6ms)
  ok 33 tests\admin-bff-contract.spec.js:953:1 › prepared Pasabuy boundary is signed, durable, rationale-audited, and feature-gated (7ms)
  ok 34 tests\admin-bff-contract.spec.js:975:1 › product-intake BFF is session/idempotency gated and rejects loose operational input (11ms)
  ok 35 tests\admin-bff-contract.spec.js:1025:1 › prepared product-intake boundary is named, signed, receipt-backed, and upload-honest (5ms)
  ok 36 tests\admin-bff-contract.spec.js:1040:1 › private intake evidence requires real single-image decoding and strips metadata (19ms)
  ok 37 tests\admin-bff-contract.spec.js:1057:1 › pending Admin MFA enrollment is exact, bounded, stale-factor-safe, and returns verified session material only (10ms)
  ok 38 tests\admin-bff-contract.spec.js:1102:1 › active Admin MFA replacement is reasoned, signed, exact-factor-safe, and separately gated (23ms)
  ok 39 tests\admin-bff-contract.spec.js:1224:1 › public product media is session-gated and registered only after server byte verification (7ms)
  ok 40 tests\admin-bff-contract.spec.js:1255:1 › product media assignment is signed, receipt-bound, reasoned, and removal-safe (19ms)
  ok 41 tests\admin-bff-contract.spec.js:1313:1 › Globe and review claims are Admin-only, evidence-bound, reversible, and publicly least-privileged (12ms)
  ok 42 tests\admin-bff-contract.spec.js:1352:1 › procurement reads are fixed and supplier creation is Admin-only, reasoned, and receipt-backed (8ms)
  ok 43 tests\admin-bff-contract.spec.js:1370:1 › channel readiness is aggregated and internal verification is signed, reasoned, and Admin-only (7ms)
  ok 44 tests\admin-bff-contract.spec.js:1388:1 › staff access reads are fixed and role/PIN changes are signed, reasoned, and Admin-only (11ms)
  ok 45 tests\admin-bff-contract.spec.js:1409:1 › staff invitations cross one exact reason-bound BFF route without exposing the provider session (12ms)
  ok 46 tests\admin-bff-contract.spec.js:1459:1 › system readiness is Admin-only, boolean-only, and never exposes raw diagnostics (5ms)
  ok 47 tests\admin-bff-contract.spec.js:1474:1 › durable Admin sessions use exact owner-bound signed commands (7ms)
  ok 48 tests\admin-bff-contract.spec.js:1515:1 › product-master commands are exact, reasoned, idempotent, and Admin-only (13ms)
  ok 49 tests\admin-bff-contract.spec.js:1566:1 › prepared Admin session registry is private, AAL2-bound, and fail-closed (14ms)
  ok 50 tests\admin-bff-contract.spec.js:1616:1 › single-function Admin router allowlists every prepared endpoint and rejects unknown paths (26ms)
  ok 51 tests\admin-bff-contract.spec.js:1726:1 › deployable Admin entrypoint remains unavailable until its independent server switch is enabled (2ms)
  ok 52 tests\admin-bff-contract.spec.js:1745:1 › failed intake evidence registration removes the unregistered private object (2ms)
  ok 53 tests\admin-bff-contract.spec.js:1769:1 › failed intake evidence cleanup is durable, retryable, and never exposes its private path (3ms)
  ok 54 tests\admin-bff-contract.spec.js:1816:1 › provider cleanup failure stays pending and is not falsely marked complete (2ms)
  ok 55 tests\admin-bff-contract.spec.js:1845:1 › unexpected cleanup claim state cannot reach private evidence deletion (1ms)
  ok 56 tests\admin-bff-contract.spec.js:1876:1 › cleanup stays pending without an exact completion receipt (1ms)
  ok 57 tests\admin-bff-contract.spec.js:1907:1 › flight consignment BFF is session/idempotency gated and validates exact scan truth (5ms)
  ok 58 tests\admin-bff-contract.spec.js:1932:1 › prepared flight boundary preserves unit scans, reasons, durable retry, and direct-RPC cutover (6ms)
  ok 59 tests\admin-bff-contract.spec.js:1949:1 › customer BFF is session-gated and keeps canonical identities separate (3ms)
  ok 60 tests\admin-bff-contract.spec.js:1973:1 › Wholesale inquiry projection is staff/AAL2-only, fixed, and has no commercial authority (13ms)
  ok 61 tests\admin-bff-contract.spec.js:1994:1 › coupon BFF is session/idempotency gated and validates exact financial rules (8ms)
  ok 62 tests\admin-bff-contract.spec.js:2020:1 › prepared coupon boundary is admin-only, reasoned, auditable, and feature-gated (6ms)
  ok 63 tests\admin-bff-contract.spec.js:2038:1 › lot and expiry BFF is session/idempotency gated and rejects unsafe reconciliation input (8ms)
  ok 64 tests\admin-bff-contract.spec.js:2069:1 › prepared lot boundary derives sellable stock, preserves reservations, and replaces prompt-based decisions (8ms)
  ok 65 tests\admin-bff-numeric-coercion.spec.js:18:1 › coupon financials reject coerced numerics (5ms)
  ok 66 tests\admin-bff-numeric-coercion.spec.js:34:1 › pasabuy quote money fields reject coerced numerics (3ms)
  ok 67 tests\admin-bff-numeric-coercion.spec.js:49:1 › lot reconciliation quantities reject coerced numerics (4ms)
  ok 68 tests\admin-bff-numeric-coercion.spec.js:66:1 › supplier lead time rejects coerced numerics (5ms)
  ok 69 tests\admin-bff-numeric-coercion.spec.js:74:1 › intake inventory rejects non-canonical numerics and null cost (3ms)
  ok 70 tests\admin-bff-numeric-coercion.spec.js:85:1 › review stars and ordering reject coerced numerics (5ms)
  ok 71 tests\admin-bff-numeric-coercion.spec.js:102:1 › marketplace order facts reject coerced quantities (11ms)
  ok 72 tests\admin-bff-numeric-coercion.spec.js:112:1 › the shared validator keeps one rule with caller-owned error codes (20ms)

  72 passed (3.1s)
