[WebServer] (node:18568) Warning: The 'NO_COLOR' env is ignored due to the 'FORCE_COLOR' env being set.
[WebServer] (Use `node --trace-warnings ...` to show where the warning was created)
[WebServer] (node:9796) Warning: The 'NO_COLOR' env is ignored due to the 'FORCE_COLOR' env being set.
[WebServer] (Use `node --trace-warnings ...` to show where the warning was created)

Running 2 tests using 1 worker

(node:19336) Warning: The 'NO_COLOR' env is ignored due to the 'FORCE_COLOR' env being set.
(Use `node --trace-warnings ...` to show where the warning was created)
  x  1 tests\intake-ai-ui.spec.js:6:3 › intake session creation retains both identities after response loss (1.5m)
(node:23140) Warning: The 'NO_COLOR' env is ignored due to the 'FORCE_COLOR' env being set.
(Use `node --trace-warnings ...` to show where the warning was created)
  x  2 tests\intake-ai-ui.spec.js:6:3 › intake session creation retains both identities after refresh failure (15.0s)


  1) tests\intake-ai-ui.spec.js:6:3 › intake session creation retains both identities after response loss 

    Error: expect(locator).toContainText(expected) failed

    Locator: getByRole('alert')
    Expected substring: "may already be saved"
    Received string:    "Action not completed. The secure admin service is temporarily unavailable."
    Timeout: 5000ms

    Call log:
      - Expect "toContainText" with timeout 5000ms
      - waiting for getByRole('alert')
        14 × locator resolved to <div role="alert" tabindex="-1" class="p-3.5 bg-rose-500/10 border border-rose-500/30 text-rose-200 rounded-lg text-sm focus:outline-none">…</div>
           - unexpected value "Action not completed. The secure admin service is temporarily unavailable."


      21 |     await page.goto('/tests/fixtures/intake-ai-harness.html?modal')
      22 |     await expect.poll(() => calls.length, { timeout: 90000 }).toBe(1)
    > 23 |     await expect(page.getByRole('alert')).toContainText('may already be saved')
         |                                           ^
      24 |     await expect(page.getByRole('button', { name: 'Close product intake' })).toBeDisabled()
      25 |     await page.getByRole('button', { name: 'Retry exact session setup' }).click()
      26 |     await expect(page.getByRole('button', { name: 'Close product intake' })).toBeEnabled()
        at C:\Users\jerze\K2 JImzon\tests\intake-ai-ui.spec.js:23:43

    Error Context: .tools\session-setup-red\intake-ai-ui-intake-sessio-70508-ntities-after-response-loss\error-context.md

  2) tests\intake-ai-ui.spec.js:6:3 › intake session creation retains both identities after refresh failure 

    Error: expect(locator).toContainText(expected) failed

    Locator: getByRole('alert')
    Expected substring: "may already be saved"
    Received string:    "Action not completed. The secure admin service is temporarily unavailable."
    Timeout: 5000ms

    Call log:
      - Expect "toContainText" with timeout 5000ms
      - waiting for getByRole('alert')
        14 × locator resolved to <div role="alert" tabindex="-1" class="p-3.5 bg-rose-500/10 border border-rose-500/30 text-rose-200 rounded-lg text-sm focus:outline-none">…</div>
           - unexpected value "Action not completed. The secure admin service is temporarily unavailable."


      21 |     await page.goto('/tests/fixtures/intake-ai-harness.html?modal')
      22 |     await expect.poll(() => calls.length, { timeout: 90000 }).toBe(1)
    > 23 |     await expect(page.getByRole('alert')).toContainText('may already be saved')
         |                                           ^
      24 |     await expect(page.getByRole('button', { name: 'Close product intake' })).toBeDisabled()
      25 |     await page.getByRole('button', { name: 'Retry exact session setup' }).click()
      26 |     await expect(page.getByRole('button', { name: 'Close product intake' })).toBeEnabled()
        at C:\Users\jerze\K2 JImzon\tests\intake-ai-ui.spec.js:23:43

    Error Context: .tools\session-setup-red\intake-ai-ui-intake-sessio-ef4a5-ities-after-refresh-failure\error-context.md

  2 failed
    tests\intake-ai-ui.spec.js:6:3 › intake session creation retains both identities after response loss 
    tests\intake-ai-ui.spec.js:6:3 › intake session creation retains both identities after refresh failure 
