
> k2-jimzon-prototype@0.1.0 prebuild:admin
> npm run prebuild


> k2-jimzon-prototype@0.1.0 prebuild
> npm run security:test && npm run security:test-env-contract && npm run security:test-files && npm run security:files && npm run security:test-env-source && npm run security:env-source && npm run security:dependency-policy && npm run security:surfaces && npm run security:secrets && node scripts/check-imports.mjs


> k2-jimzon-prototype@0.1.0 security:test
> node scripts/test-secret-scan.mjs

Secret scanner tests passed (fabricated values only).

> k2-jimzon-prototype@0.1.0 security:test-env-contract
> node scripts/verify-deployment-environment-contract.mjs --self-test

Deployment environment contract self-test passed (5 fixtures).

> k2-jimzon-prototype@0.1.0 security:test-files
> node scripts/test-sensitive-file-policy.mjs

Sensitive-file policy tests passed (13 blocked, 4 allowed, and the source inventory).

> k2-jimzon-prototype@0.1.0 security:files
> node scripts/verify-tracked-sensitive-files.mjs

Sensitive-file policy passed in git mode (823 files checked).

> k2-jimzon-prototype@0.1.0 security:test-env-source
> node scripts/test-environment-source-boundary.mjs

Environment source-boundary tests passed (8 fixtures).

> k2-jimzon-prototype@0.1.0 security:env-source
> node scripts/verify-environment-source-boundary.mjs

Environment source boundary passed (185 browser and 157 server/Edge files checked).

> k2-jimzon-prototype@0.1.0 security:dependency-policy
> node scripts/verify-dependency-policy.mjs

Dependency policy passed (18 direct, 278 locked packages, 3 reviewed install scripts).
Reviewed licenses: 0BSD=2, Apache-2.0=25, Apache-2.0 AND LGPL-3.0-or-later=3, Apache-2.0 AND LGPL-3.0-or-later AND MIT=1, BSD-3-Clause=2, CC-BY-4.0=1, ISC=11, LGPL-3.0-or-later=10, MIT=210, MPL-2.0=12, UNKNOWN=1

> k2-jimzon-prototype@0.1.0 security:surfaces
> node scripts/audit-security-surfaces.mjs --fail-on-gaps

# MAP-020 Security Surface Inventory

Generated: 2026-09-06T07:14:38.999Z

- Prepared Admin routes: 91
- Prepared Storefront routes: 15
- Supabase Edge Functions: 2 (invite-staff, shopee-webhook)
- api_request: 54 source operations
- auth: 37 source operations
- realtime: 12 source operations
- rpc: 111 source operations
- storage: 14 source operations
- table: 117 source operations
- SQL functionDefinitionOccurrences: 184
- SQL uniqueFunctionSignatures: 153
- SQL functionGrantEvents: 144
- SQL functionRevokeEvents: 194
- SQL functionSearchPathHardeningEvents: 6
- SQL effectiveSecurityDefinerWithoutFixedSearchPath: 0
- SQL effectiveFunctionsWithPublicExecute: 0
- SQL effectiveFunctionsWithAnonExecute: 14
- SQL effectiveFunctionsWithAuthenticatedExecute: 84
- SQL effectiveFunctionsWithServiceRoleExecute: 8
- SQL scheduledJobs: 0
- SQL publicationChanges: 16
- SQL policyDefinitions: 145
- SQL storagePolicyDefinitions: 15
- Dynamic operations requiring explicit review: 0
- Exact expected anonymous function grants: 14
- Unexpected PUBLIC function grants: 0
- Unexpected anonymous function grants: 0
- Missing expected anonymous function grants: 0
- BFF route-control classification gaps: 0
- Wildcard CORS production sources: 0

This is a source inventory, not deployment or authorization evidence.

> k2-jimzon-prototype@0.1.0 security:secrets
> node scripts/scan-secrets.mjs

warning: unable to access 'C:\Users\jerze/.config/git/ignore': Permission denied
Secret scan passed (840 files checked; secret values are never printed).
✓ Import-integrity check passed — all hooks and supabase usages are imported.

> k2-jimzon-prototype@0.1.0 build:admin
> vite build --mode admin --configLoader runner && node scripts/emit-static-404.mjs admin && node scripts/verify-build-boundary.mjs admin && node scripts/verify-bundle-budgets.mjs admin && node scripts/scan-secrets.mjs dist

vite v6.4.3 building for admin...
transforming...
✓ 724 modules transformed.
rendering chunks...
computing gzip size...
dist/k2-build-target.json                             0.02 kB │ gzip:  0.04 kB
dist/manifest.json                                    0.74 kB │ gzip:  0.30 kB
dist/index.html                                       2.96 kB │ gzip:  1.00 kB
dist/.vite/manifest.json                             14.21 kB │ gzip:  1.69 kB
dist/assets/index-B6Y7xRQl.css                      178.90 kB │ gzip: 26.76 kB
dist/assets/imageFallback-hAkI1eqm.js                 0.22 kB │ gzip:  0.18 kB
dist/assets/channelMeta-BGbhxyVg.js                   1.11 kB │ gzip:  0.49 kB
dist/assets/AdminWorkspaceUi-CQecU63M.js              4.06 kB │ gzip:  1.44 kB
dist/assets/WorkflowGuideModal-Cl5IKdci.js            5.00 kB │ gzip:  1.94 kB
dist/assets/FefoWorkflowDiagram-DG3D4H97.js           5.80 kB │ gzip:  2.15 kB
dist/assets/Kanban-C7Ka0T8D.js                        5.86 kB │ gzip:  2.07 kB
dist/assets/FulfillmentWorkflowDiagram-CKGVlWb5.js    6.83 kB │ gzip:  2.67 kB
dist/assets/CustodyWorkflowDiagram-KCu9qTl7.js        6.87 kB │ gzip:  2.60 kB
dist/assets/FlightWorkflowDiagram-iMD5Ukwz.js         7.08 kB │ gzip:  2.76 kB
dist/assets/ReservationHolds-DipaGHje.js              7.08 kB │ gzip:  2.95 kB
dist/assets/PasabuyWorkflowDiagram-aWHbjiH8.js        7.56 kB │ gzip:  2.96 kB
dist/assets/Suppliers-Bh_EYuVf.js                    11.15 kB │ gzip:  3.58 kB
dist/assets/productResearchContract-DPJ2kkBA.js      12.47 kB │ gzip:  3.81 kB
dist/assets/ChannelIntegrations-C-YBZTxl.js          14.54 kB │ gzip:  5.20 kB
dist/assets/GlobeCms-B_ofY8tm.js                     16.19 kB │ gzip:  4.91 kB
dist/assets/StoreAssetStudio-CV-DZ9pO.js             16.57 kB │ gzip:  5.37 kB
dist/assets/PasabuyManager-CRzWOs52.js               16.71 kB │ gzip:  5.96 kB
dist/assets/Customers-DoBLoOtN.js                    16.89 kB │ gzip:  5.04 kB
dist/assets/CouponManager-CdLFV4tR.js                17.89 kB │ gzip:  5.31 kB
dist/assets/products-BoyBUo56.js                     21.94 kB │ gzip:  7.79 kB
dist/assets/Inbox-DzkXMn6r.js                        22.76 kB │ gzip:  6.79 kB
dist/assets/DeliveryRateControl-8ksTu-Ac.js          28.08 kB │ gzip:  8.78 kB
dist/assets/ConsignmentManager-DJ9BLnyU.js           31.75 kB │ gzip:  9.06 kB
dist/assets/StaffPermissionManager-DEmoOcHM.js       32.72 kB │ gzip:  8.89 kB
dist/assets/Overview-C9n2iWoj.js                     33.55 kB │ gzip:  9.71 kB
dist/assets/OmniOperationsHub-BiTQZcF6.js            37.23 kB │ gzip:  9.92 kB
dist/assets/BulkCsvImportModal-B5GvNID8.js           40.60 kB │ gzip: 14.27 kB
dist/assets/InventoryGrid-BTChZeqp.js                48.03 kB │ gzip: 13.52 kB
dist/assets/index-BV9_IbKG.js                        68.13 kB │ gzip: 21.15 kB
dist/assets/OwnerCountClose-C0XSI3dY.js              69.83 kB │ gzip: 18.24 kB
dist/assets/Sheet-iUkWKv0H.js                        94.34 kB │ gzip: 22.74 kB
dist/assets/MasterWorkflowGraph-DC006GwA.js         104.97 kB │ gzip: 32.73 kB
dist/assets/vendor-motion-D7NbBDCH.js               128.79 kB │ gzip: 42.35 kB
dist/assets/ProductIntakeSessionModal-CDEq6d4N.js   130.46 kB │ gzip: 36.15 kB
dist/assets/Admin-DHNgmOR9.js                       186.91 kB │ gzip: 51.44 kB
dist/assets/vendor-react-BqYKgC4c.js                193.95 kB │ gzip: 60.60 kB
dist/assets/vendor-supabase-kPbh7bwL.js             215.54 kB │ gzip: 55.86 kB
dist/assets/html5-qrcode-scanner-DtyOXnoP.js        334.59 kB │ gzip: 99.91 kB
✓ built in 7.58s
Emitted admin static 404 recovery page.
Verified admin production boundary (38 manifest modules, no source maps/dev markers, and one reviewed Supabase localhost library marker).
Admin application budget passed: 186.91 kB/300.00 kB minified.
Secret scan passed (70 files checked; secret values are never printed).
