
> k2-jimzon-prototype@0.1.0 prebuild:storefront
> npm run prebuild


> k2-jimzon-prototype@0.1.0 prebuild
> npm run security:test && npm run security:test-env-contract && npm run security:test-files && npm run security:files && npm run security:test-env-source && npm run security:env-source && npm run security:dependency-policy && npm run security:surfaces && npm run security:secrets && node scripts/check-imports.mjs


> k2-jimzon-prototype@0.1.0 security:test
> node scripts/test-secret-scan.mjs

Secret scanner tests passed (fabricated values only).

> k2-jimzon-prototype@0.1.0 security:test-env-contract
> node scripts/verify-deployment-environment-contract.mjs --self-test

Deployment environment contract self-test passed (5 fixtures).

> k2-jimzon-prototype@0.1.0 security:test-files
> node scripts/test-sensitive-file-policy.mjs

Sensitive-file policy tests passed (13 blocked, 4 allowed, and the source inventory).

> k2-jimzon-prototype@0.1.0 security:files
> node scripts/verify-tracked-sensitive-files.mjs

Sensitive-file policy passed in git mode (1031 files checked).

> k2-jimzon-prototype@0.1.0 security:test-env-source
> node scripts/test-environment-source-boundary.mjs

Environment source-boundary tests passed (8 fixtures).

> k2-jimzon-prototype@0.1.0 security:env-source
> node scripts/verify-environment-source-boundary.mjs

Environment source boundary passed (198 browser and 161 server/Edge files checked).

> k2-jimzon-prototype@0.1.0 security:dependency-policy
> node scripts/verify-dependency-policy.mjs

Dependency policy passed (18 direct, 278 locked packages, 3 reviewed install scripts).
Reviewed licenses: 0BSD=2, Apache-2.0=25, Apache-2.0 AND LGPL-3.0-or-later=3, Apache-2.0 AND LGPL-3.0-or-later AND MIT=1, BSD-3-Clause=2, CC-BY-4.0=1, ISC=11, LGPL-3.0-or-later=10, MIT=210, MPL-2.0=12, UNKNOWN=1

> k2-jimzon-prototype@0.1.0 security:surfaces
> node scripts/audit-security-surfaces.mjs --fail-on-gaps

# MAP-020 Security Surface Inventory

Generated: 2026-09-13T10:06:13.176Z

- Prepared Admin routes: 92
- Prepared Storefront routes: 15
- Supabase Edge Functions: 2 (invite-staff, shopee-webhook)
- api_request: 55 source operations
- auth: 37 source operations
- realtime: 12 source operations
- rpc: 113 source operations
- storage: 16 source operations
- table: 118 source operations
- SQL functionDefinitionOccurrences: 198
- SQL uniqueFunctionSignatures: 157
- SQL functionGrantEvents: 149
- SQL functionRevokeEvents: 209
- SQL functionSearchPathHardeningEvents: 6
- SQL effectiveSecurityDefinerWithoutFixedSearchPath: 0
- SQL effectiveFunctionsWithPublicExecute: 0
- SQL effectiveFunctionsWithAnonExecute: 14
- SQL effectiveFunctionsWithAuthenticatedExecute: 84
- SQL effectiveFunctionsWithServiceRoleExecute: 8
- SQL scheduledJobs: 0
- SQL publicationChanges: 16
- SQL policyDefinitions: 145
- SQL storagePolicyDefinitions: 15
- Dynamic operations requiring explicit review: 0
- Exact expected anonymous function grants: 14
- Unexpected PUBLIC function grants: 0
- Unexpected anonymous function grants: 0
- Missing expected anonymous function grants: 0
- BFF route-control classification gaps: 0
- Wildcard CORS production sources: 0

This is a source inventory, not deployment or authorization evidence.

> k2-jimzon-prototype@0.1.0 security:secrets
> node scripts/scan-secrets.mjs

Secret scan passed (1157 files checked; secret values are never printed).
✓ Import-integrity check passed — all hooks and supabase usages are imported.

> k2-jimzon-prototype@0.1.0 build:storefront
> vite build --mode storefront --configLoader runner && node scripts/emit-static-404.mjs storefront && node scripts/emit-storefront-sitemap.mjs && node scripts/verify-build-boundary.mjs storefront && node scripts/verify-bundle-budgets.mjs storefront && node scripts/scan-secrets.mjs dist

vite v6.4.3 building for storefront...
transforming...
✓ 1131 modules transformed.
rendering chunks...
computing gzip size...
dist/k2-build-target.json                        0.03 kB │ gzip:   0.05 kB
dist/manifest.json                               0.74 kB │ gzip:   0.30 kB
dist/index.html                                  2.90 kB │ gzip:   0.98 kB
dist/.vite/manifest.json                         8.92 kB │ gzip:   1.35 kB
dist/assets/Home-Cb_2kCwY.css                    1.49 kB │ gzip:   0.63 kB
dist/assets/InteractiveShop-DbXP6hQO.css        24.87 kB │ gzip:   5.69 kB
dist/assets/index-6x74xGs3.css                 179.60 kB │ gzip:  26.89 kB
dist/assets/imageFallback-hAkI1eqm.js            0.22 kB │ gzip:   0.18 kB
dist/assets/guestCommerceService-Brrz3Bdz.js     0.25 kB │ gzip:   0.16 kB
dist/assets/supabaseClient-B0NkNPxj.js           0.59 kB │ gzip:   0.43 kB
dist/assets/NotFound-CKIZKoDx.js                 0.92 kB │ gzip:   0.52 kB
dist/assets/TurnstileChallenge-CI7gdREP.js       1.13 kB │ gzip:   0.65 kB
dist/assets/Catalog-BTM0r-lB.js                  1.50 kB │ gzip:   0.78 kB
dist/assets/HeroVideo-DEYr9JuR.js                1.61 kB │ gzip:   0.70 kB
dist/assets/site-DOKMVlzm.js                     2.02 kB │ gzip:   1.16 kB
dist/assets/ProductVisual-BIGsgKJD.js            2.24 kB │ gzip:   1.05 kB
dist/assets/globeSeedReviews-BPx5JJ9f.js         2.50 kB │ gzip:   1.12 kB
dist/assets/Confirmation-JvvD1-Sg.js             3.38 kB │ gzip:   1.42 kB
dist/assets/Contact-DEw3De1F.js                  5.74 kB │ gzip:   2.09 kB
dist/assets/CartDrawer-CZ_PAy9L.js               5.80 kB │ gzip:   2.14 kB
dist/assets/CatalogGrid-CUV4U9MC.js              5.86 kB │ gzip:   2.31 kB
dist/assets/Checkout-CO2fKZsK.js                 7.89 kB │ gzip:   2.78 kB
dist/assets/Pasabuy-DQ2UDkqK.js                  8.29 kB │ gzip:   2.90 kB
dist/assets/ProductCard-BXzsmP9Z.js              8.75 kB │ gzip:   2.67 kB
dist/assets/GuestMessages-8eGLkSUA.js           10.37 kB │ gzip:   3.60 kB
dist/assets/GlobeSection-P2lrGjf3.js            12.77 kB │ gzip:   4.99 kB
dist/assets/Wholesale-BYZM3UVD.js               18.06 kB │ gzip:   5.04 kB
dist/assets/CustomerAccount-CT9XvW7I.js         20.99 kB │ gzip:   6.08 kB
dist/assets/MasterProduct-CDI8m38M.js           22.81 kB │ gzip:   6.54 kB
dist/assets/Home-DO7ed-tl.js                    27.52 kB │ gzip:   8.32 kB
dist/assets/InteractiveShop-DtEC5RqI.js         52.34 kB │ gzip:  16.16 kB
dist/assets/index-Q2lhGwsU.js                   97.18 kB │ gzip:  33.82 kB
dist/assets/ShelfScene3D-C1RJmn2T.js           124.47 kB │ gzip:  37.93 kB
dist/assets/vendor-motion-CTd0zmVj.js          128.88 kB │ gzip:  42.38 kB
dist/assets/vendor-react-C4FUtlfE.js           193.89 kB │ gzip:  60.58 kB
dist/assets/vendor-supabase-kPbh7bwL.js        215.54 kB │ gzip:  55.86 kB
dist/assets/react-three-fiber.esm-BeDnU7Sm.js  894.12 kB │ gzip: 241.21 kB

(!) Some chunks are larger than 500 kB after minification. Consider:
- Using dynamic import() to code-split the application
- Use build.rollupOptions.output.manualChunks to improve chunking: https://rollupjs.org/configuration-options/#output-manualchunks
- Adjust chunk size limit for this warning via build.chunkSizeWarningLimit.
✓ built in 11.08s
Emitted storefront static 404 recovery page.
[sitemap] dist/sitemap.xml written with 2 stable routes and 0 product URLs
[metadata] 0 product pages prerendered
[sitemap] NOTE: the pre-launch indexing gate is ON, so no product URL is
[sitemap] listed and /product/* is served noindex. This is deliberate while
[sitemap] products have no photographs or descriptions. To launch product
[sitemap] pages into search, follow docs/PRELAUNCH_INDEXING.md.
Verified storefront production boundary (31 manifest modules, no source maps/dev markers, and one reviewed Supabase localhost library marker).
Storefront landing budget passed: JS 150.16 kB/150.50 kB gzip; CSS 27.52 kB/30.00 kB gzip.
Secret scan passed (68 files checked; secret values are never printed).
