[rehearse-map019] running startup...
[rehearse-map019] running drop database...
[rehearse-map019] running create database...
[rehearse-map019] running bootstrap...
[rehearse-map019] running rollback rehearsal...
[rehearse-map019] running rollback assertion...
[rehearse-map019] running migration apply 20260822_admin_session_registry.sql...
[rehearse-map019] running migration apply 20260822_admin_product_media_boundary.sql...
[rehearse-map019] running migration apply 20260822_admin_globe_review_boundary.sql...
[rehearse-map019] running migration apply 20260822_admin_procurement_boundary.sql...
[rehearse-map019] running migration apply 20260822_admin_channel_readiness_boundary.sql...
[rehearse-map019] running migration apply 20260822_admin_staff_access_boundary.sql...
[rehearse-map019] running migration apply 20260822_admin_system_readiness_boundary.sql...
[rehearse-map019] running migration apply 20260822_admin_product_master_boundary.sql...
[rehearse-map019] running migration apply 20260822_guest_account_claim_boundary.sql...
[rehearse-map019] running migration apply 20260822_wholesale_inquiry_boundary.sql...
[rehearse-map019] running postflight...
[rehearse-map019] running wholesale postflight...
[rehearse-map019] running product media postflight...
[rehearse-map019] running globe review postflight...
[rehearse-map019] running procurement postflight...
[rehearse-map019] running channel postflight...
[rehearse-map019] running staff access postflight...
[rehearse-map019] running product master postflight...
[rehearse-map019] running system readiness postflight...
[rehearse-map019] running behavior assertions...
[rehearse-map019] running product master behavior assertions...
[rehearse-map019] running migration replay 20260822_admin_session_registry.sql...
[rehearse-map019] running migration replay 20260822_admin_product_media_boundary.sql...
[rehearse-map019] running migration replay 20260822_admin_globe_review_boundary.sql...
[rehearse-map019] running migration replay 20260822_admin_procurement_boundary.sql...
[rehearse-map019] running migration replay 20260822_admin_channel_readiness_boundary.sql...
[rehearse-map019] running migration replay 20260822_admin_staff_access_boundary.sql...
[rehearse-map019] running migration replay 20260822_admin_system_readiness_boundary.sql...
[rehearse-map019] running migration replay 20260822_admin_product_master_boundary.sql...
[rehearse-map019] running migration replay 20260822_guest_account_claim_boundary.sql...
[rehearse-map019] running migration replay 20260822_wholesale_inquiry_boundary.sql...
[rehearse-map019] running replay postflight...
[rehearse-map019] running wholesale replay postflight...
[rehearse-map019] running product media replay postflight...
[rehearse-map019] running globe review replay postflight...
[rehearse-map019] running procurement replay postflight...
[rehearse-map019] running channel replay postflight...
[rehearse-map019] running staff access replay postflight...
[rehearse-map019] running product master replay postflight...
[rehearse-map019] running system readiness replay postflight...
MAP-019 account claim: rollback, apply, behavior, and migration replay passed.
