
> k2-jimzon-prototype@0.1.0 prebuild:admin
> npm run prebuild


> k2-jimzon-prototype@0.1.0 prebuild
> npm run security:test && npm run security:test-env-contract && npm run security:test-files && npm run security:files && npm run security:test-env-source && npm run security:env-source && npm run security:dependency-policy && npm run security:surfaces && npm run security:secrets && node scripts/check-imports.mjs


> k2-jimzon-prototype@0.1.0 security:test
> node scripts/test-secret-scan.mjs

Secret scanner tests passed (fabricated values only).

> k2-jimzon-prototype@0.1.0 security:test-env-contract
> node scripts/verify-deployment-environment-contract.mjs --self-test

Deployment environment contract self-test passed (5 fixtures).

> k2-jimzon-prototype@0.1.0 security:test-files
> node scripts/test-sensitive-file-policy.mjs

Sensitive-file policy tests passed (13 blocked, 4 allowed, and the source inventory).

> k2-jimzon-prototype@0.1.0 security:files
> node scripts/verify-tracked-sensitive-files.mjs

Sensitive-file policy passed in git mode (1407 files checked).

> k2-jimzon-prototype@0.1.0 security:test-env-source
> node scripts/test-environment-source-boundary.mjs

Environment source-boundary tests passed (8 fixtures).

> k2-jimzon-prototype@0.1.0 security:env-source
> node scripts/verify-environment-source-boundary.mjs

Environment source boundary passed (217 browser and 163 server/Edge files checked).

> k2-jimzon-prototype@0.1.0 security:dependency-policy
> node scripts/verify-dependency-policy.mjs

Dependency policy passed (18 direct, 278 locked packages, 3 reviewed install scripts).
Reviewed licenses: 0BSD=2, Apache-2.0=25, Apache-2.0 AND LGPL-3.0-or-later=3, Apache-2.0 AND LGPL-3.0-or-later AND MIT=1, BSD-3-Clause=2, CC-BY-4.0=1, ISC=11, LGPL-3.0-or-later=10, MIT=210, MPL-2.0=12, UNKNOWN=1

> k2-jimzon-prototype@0.1.0 security:surfaces
> node scripts/audit-security-surfaces.mjs --fail-on-gaps

# MAP-020 Security Surface Inventory

Generated: 2026-09-20T14:29:24.598Z

- Prepared Admin routes: 92
- Prepared Storefront routes: 15
- Supabase Edge Functions: 2 (invite-staff, shopee-webhook)
- api_request: 55 source operations
- auth: 38 source operations
- realtime: 13 source operations
- rpc: 121 source operations
- storage: 16 source operations
- table: 130 source operations
- SQL functionDefinitionOccurrences: 216
- SQL uniqueFunctionSignatures: 165
- SQL functionGrantEvents: 159
- SQL functionRevokeEvents: 223
- SQL functionSearchPathHardeningEvents: 6
- SQL effectiveSecurityDefinerWithoutFixedSearchPath: 0
- SQL effectiveFunctionsWithPublicExecute: 0
- SQL effectiveFunctionsWithAnonExecute: 16
- SQL effectiveFunctionsWithAuthenticatedExecute: 89
- SQL effectiveFunctionsWithServiceRoleExecute: 13
- SQL scheduledJobs: 0
- SQL publicationChanges: 16
- SQL policyDefinitions: 156
- SQL storagePolicyDefinitions: 15
- Dynamic operations requiring explicit review: 0
- Exact expected anonymous function grants: 16
- Unexpected PUBLIC function grants: 0
- Unexpected anonymous function grants: 0
- Missing expected anonymous function grants: 0
- BFF route-control classification gaps: 0
- Wildcard CORS production sources: 0

This is a source inventory, not deployment or authorization evidence.

> k2-jimzon-prototype@0.1.0 security:secrets
> node scripts/scan-secrets.mjs

warning: unable to access 'C:\Users\jerze/.config/git/ignore': Permission denied
Secret scan passed (1424 files checked; secret values are never printed).
✓ Import-integrity check passed — all hooks and supabase usages are imported.

> k2-jimzon-prototype@0.1.0 build:admin
> vite build --mode admin --configLoader runner && node scripts/emit-static-404.mjs admin && node scripts/emit-admin-head.mjs admin && node scripts/verify-build-boundary.mjs admin && node scripts/verify-bundle-budgets.mjs admin && node scripts/scan-secrets.mjs dist

vite v6.4.3 building for admin...
transforming...
✓ 749 modules transformed.
rendering chunks...
computing gzip size...
dist/k2-build-target.json                                0.02 kB │ gzip:  0.04 kB
dist/manifest.json                                       0.74 kB │ gzip:  0.30 kB
dist/index.html                                          2.98 kB │ gzip:  1.00 kB
dist/.vite/manifest.json                                16.14 kB │ gzip:  1.91 kB
dist/assets/index-CC7jI20x.css                         194.04 kB │ gzip: 28.71 kB
dist/assets/imageFallback-hAkI1eqm.js                    0.22 kB │ gzip:  0.18 kB
dist/assets/overviewAvailability-KjntB0_N.js             1.06 kB │ gzip:  0.56 kB
dist/assets/channelMeta-BGbhxyVg.js                      1.11 kB │ gzip:  0.49 kB
dist/assets/useRetainedFulfillmentCommand-BL5xeRQB.js    1.63 kB │ gzip:  0.90 kB
dist/assets/WorkflowGuideModal-6ZcIFn8c.js               5.48 kB │ gzip:  2.05 kB
dist/assets/AdminWorkspaceUi-BRNVHWAn.js                 5.66 kB │ gzip:  1.91 kB
dist/assets/FefoWorkflowDiagram-DG3D4H97.js              5.80 kB │ gzip:  2.15 kB
dist/assets/Kanban-DXIlKBLv.js                           5.94 kB │ gzip:  2.07 kB
dist/assets/TourSelectionModal-BZ0jYInz.js               6.48 kB │ gzip:  2.30 kB
dist/assets/FulfillmentWorkflowDiagram-CKGVlWb5.js       6.83 kB │ gzip:  2.67 kB
dist/assets/CustodyWorkflowDiagram-KCu9qTl7.js           6.87 kB │ gzip:  2.60 kB
dist/assets/FlightWorkflowDiagram-iMD5Ukwz.js            7.08 kB │ gzip:  2.76 kB
dist/assets/PasabuyWorkflowDiagram-aWHbjiH8.js           7.56 kB │ gzip:  2.96 kB
dist/assets/ReservationHolds-BMjj3WwQ.js                 7.84 kB │ gzip:  3.21 kB
dist/assets/Suppliers-D3p_mPhS.js                       11.99 kB │ gzip:  3.95 kB
dist/assets/productResearchContract-DPJ2kkBA.js         12.47 kB │ gzip:  3.81 kB
dist/assets/SpotlightTourOverlay-DB3X4b9H.js            13.24 kB │ gzip:  4.15 kB
dist/assets/GlobeCms-BbJTafXm.js                        16.01 kB │ gzip:  4.82 kB
dist/assets/StoreAssetStudio-D1o7xY9d.js                16.56 kB │ gzip:  5.36 kB
dist/assets/Customers-DYN_nHc1.js                       17.60 kB │ gzip:  5.33 kB
dist/assets/PasabuyManager-HZN8gmFI.js                  17.80 kB │ gzip:  6.27 kB
dist/assets/CouponManager-IdoQSOKq.js                   19.65 kB │ gzip:  5.77 kB
dist/assets/products-BoyBUo56.js                        21.94 kB │ gzip:  7.79 kB
dist/assets/Inbox-BjTsGbC-.js                           27.68 kB │ gzip:  8.19 kB
dist/assets/DeliveryRateControl-DsRUs5M0.js             28.38 kB │ gzip:  8.88 kB
dist/assets/StaffPermissionManager-C3DEmt97.js          33.25 kB │ gzip:  9.01 kB
dist/assets/ConsignmentManager-D1HoopNV.js              35.42 kB │ gzip:  9.67 kB
dist/assets/tourData-CE6Ez-55.js                        36.62 kB │ gzip: 11.48 kB
dist/assets/ChannelIntegrations-BfCGHADT.js             37.61 kB │ gzip: 10.39 kB
dist/assets/Overview-BB550UKq.js                        39.00 kB │ gzip: 10.96 kB
dist/assets/BulkCsvImportModal-X5-lq5NC.js              41.67 kB │ gzip: 14.61 kB
dist/assets/InventoryGrid-B7MSb7_v.js                   61.28 kB │ gzip: 16.66 kB
dist/assets/OwnerCountClose-lYzvKixc.js                 69.81 kB │ gzip: 18.35 kB
dist/assets/index-87OjDTz0.js                           74.48 kB │ gzip: 23.15 kB
dist/assets/OmniOperationsHub-B7oMnDQG.js               89.61 kB │ gzip: 22.22 kB
dist/assets/Sheet-BPoriQyp.js                           94.83 kB │ gzip: 22.83 kB
dist/assets/vendor-motion-D7NbBDCH.js                  128.79 kB │ gzip: 42.35 kB
dist/assets/ProductIntakeSessionModal-BWjbIcuk.js      148.01 kB │ gzip: 41.40 kB
dist/assets/MasterWorkflowGraph-Cri-bmty.js            169.49 kB │ gzip: 48.19 kB
dist/assets/vendor-react-BqYKgC4c.js                   193.95 kB │ gzip: 60.60 kB
dist/assets/Admin-KwD_R0t9.js                          201.20 kB │ gzip: 55.07 kB
dist/assets/vendor-supabase-kPbh7bwL.js                215.54 kB │ gzip: 55.86 kB
dist/assets/html5-qrcode-scanner-DtyOXnoP.js           334.59 kB │ gzip: 99.91 kB
✓ built in 6.68s
Emitted admin static 404 recovery page.
emit-admin-head: Admin discovery tags written to dist/index.html.
Verified admin production boundary (43 manifest modules, no source maps/dev markers, and one reviewed Supabase localhost library marker).
Admin application budget passed: 201.20 kB/300.00 kB minified.
Secret scan passed (78 files checked; secret values are never printed).
