
Running 43 tests using 1 worker

(node:23616) Warning: The 'NO_COLOR' env is ignored due to the 'FORCE_COLOR' env being set.
(Use `node --trace-warnings ...` to show where the warning was created)
  ok  1 tests\admin-guardrails-contract.spec.js:6:1 › transfer approval requires a second explicit confirm, not a single click (21ms)
  ok  2 tests\admin-guardrails-contract.spec.js:12:1 › J&T tracking save surfaces a server refusal instead of closing silently (8ms)
  ok  3 tests\admin-guardrails-contract.spec.js:17:1 › Milan instant draft requires an arming tap that names the SKU first (5ms)
  ok  4 tests\admin-guardrails-contract.spec.js:23:1 › Manila finish requires confirmation when the count is short (13ms)
  ok  5 tests\admin-logic-regressions.spec.js:6:1 › expiry drawer changes business day at Manila midnight (8ms)
  ok  6 tests\admin-logic-regressions.spec.js:16:1 › clearance success reloads the exact canonical lot rather than inventing approval facts (12ms)
  ok  7 tests\admin-logic-regressions.spec.js:46:1 › overview periods use Manila midnight across UTC day and year boundaries (12ms)
  ok  8 tests\admin-logic-regressions.spec.js:55:1 › overview completeness rejects capped result sets instead of reporting their subtotal as a total (38ms)
  ok  9 tests\admin-logic-regressions.spec.js:74:1 › overview never fabricates inventory metrics when product data is empty or unavailable (8ms)
  ok 10 tests\admin-logic-regressions.spec.js:82:1 › failed consignment finalization remains visible and keeps reconciliation open (8ms)
  ok 11 tests\admin-logic-regressions.spec.js:95:1 › customer directory excludes staff accounts and never fabricates identity links (13ms)
  ok 12 tests\admin-logic-regressions.spec.js:106:1 › globe CMS relies on the existing protected admin boundary (22ms)
  ok 13 tests\admin-logic-regressions.spec.js:114:1 › product sheet rolls back failed edits and routes new rows through protected intake (7ms)
  ok 14 tests\admin-logic-regressions.spec.js:125:1 › Smart Paste remains review-only after secure Admin cutover (6ms)
  ok 15 tests\admin-logic-regressions.spec.js:135:1 › shared Admin navigation reuses authorized projections in secure mode (24ms)
  ok 16 tests\admin-logic-regressions.spec.js:155:1 › purchase-order workspace uses the fixed procurement projection in secure mode (6ms)
  ok 17 tests\admin-logic-regressions.spec.js:165:1 › inventory product editing routes every photo assignment through the dedicated media workflow (17ms)
  ok 18 tests\admin-logic-regressions.spec.js:187:1 › permanent product deletion uses the signed secure command before the legacy flag-off path (7ms)
  ok 19 tests\admin-logic-regressions.spec.js:198:1 › admin helpers never continue after inventory verification or save failure (13ms)
  ok 20 tests\admin-logic-regressions.spec.js:215:1 › coupon administration uses safe projections and reasoned mobile actions (8ms)
  ok 21 tests\admin-logic-regressions.spec.js:227:1 › lot editor separates physical, reserved, and sellable truth and blocks unsafe legacy saves (24ms)
  ok 22 tests\admin-logic-regressions.spec.js:238:1 › inventory grid separates unknown stock from out-of-stock without zero coercion (14ms)
  ok 23 tests\admin-quiet-workspace-contract.spec.js:6:1 › AdminWorkspaceUi exports a shared DetailBlock disclosure (2ms)
  ok 24 tests\admin-quiet-workspace-contract.spec.js:13:1 › DetailBlock starts closed and toggles instantly (1ms)
  ok 25 tests\admin-quiet-workspace-contract.spec.js:19:1 › inventory edit modal hides secondary sections behind DetailBlock (3ms)
  ok 26 tests\admin-quiet-workspace-contract.spec.js:27:1 › inventory edit modal keeps primary sections immediately visible (15ms)
  ok 27 tests\admin-quiet-workspace-contract.spec.js:34:1 › scan center uses plain words instead of guarded workflow (3ms)
  ok 28 tests\admin-quiet-workspace-contract.spec.js:39:1 › Milan header drops POV jargon and ultra-fast marketing (3ms)
  ok 29 tests\admin-quiet-workspace-contract.spec.js:45:1 › J&T dispatch drops booking-assistant marketing and Bulk Batch redundancy (3ms)
  ok 30 tests\admin-quiet-workspace-contract.spec.js:51:1 › Manila finish drops Discrepancies jargon (3ms)
  ok 31 tests\admin-quiet-workspace-contract.spec.js:56:1 › discrepancy rows never invent a product-name fallback (3ms)
  ok 32 tests\admin-quiet-workspace-contract.spec.js:61:1 › sheet toolbar uses family icons instead of raw glyphs (4ms)
  ok 33 tests\admin-quiet-workspace-contract.spec.js:69:1 › start-here guide carries no raw emoji and meets the touch floor (5ms)
  ok 34 tests\admin-quiet-workspace-contract.spec.js:80:1 › overview money controls meet the touch floor and speak one accent (2ms)
  ok 35 tests\admin-quiet-workspace-contract.spec.js:86:1 › hold extension chips meet the touch floor (2ms)
  ok 36 tests\admin-quiet-workspace-contract.spec.js:91:1 › help panel floats above the phone tab bar (3ms)
  ok 37 tests\admin-quiet-workspace-contract.spec.js:97:1 › workspace sub-nav signals off-screen tabs (7ms)
  ok 38 tests\admin-quiet-workspace-contract.spec.js:102:1 › sheet-mode switch keeps its look with a full-size touch target (11ms)
  ok 39 tests\admin-quiet-workspace-contract.spec.js:108:1 › sub-tab counts stay honest while loading (8ms)
  ok 40 tests\multi-shop-allocation-contract.spec.js:19:1 › channel allocation engine enforces 2-unit target coverage and scarcity order (45ms)
  ok 41 tests\multi-shop-allocation-contract.spec.js:96:1 › custody transfer state machine validates availability and enforces role transition gates (20ms)
  ok 42 tests\multi-shop-allocation-contract.spec.js:186:1 › multi-shop allocation and custody migrations adhere to SQL transaction and safety invariants (9ms)
  ok 43 tests\multi-shop-allocation-contract.spec.js:214:1 › anti-emoji and humanizer tone invariants are maintained across new components (4ms)

  43 passed (2.1s)
