
Running 39 tests using 1 worker

(node:11104) Warning: The 'NO_COLOR' env is ignored due to the 'FORCE_COLOR' env being set.
(Use `node --trace-warnings ...` to show where the warning was created)
  ok  1 tests\admin-logic-regressions.spec.js:4:1 › overview periods use Manila midnight across UTC day and year boundaries (12ms)
  ok  2 tests\admin-logic-regressions.spec.js:13:1 › overview completeness rejects capped result sets instead of reporting their subtotal as a total (21ms)
  ok  3 tests\admin-logic-regressions.spec.js:32:1 › overview never fabricates inventory metrics when product data is empty or unavailable (4ms)
  ok  4 tests\admin-logic-regressions.spec.js:40:1 › failed consignment finalization remains visible and keeps reconciliation open (5ms)
  ok  5 tests\admin-logic-regressions.spec.js:53:1 › customer directory excludes staff accounts and never fabricates identity links (12ms)
  ok  6 tests\admin-logic-regressions.spec.js:64:1 › globe CMS relies on the existing protected admin boundary (2ms)
  ok  7 tests\admin-logic-regressions.spec.js:72:1 › product sheet rolls back failed edits and routes new rows through protected intake (4ms)
  ok  8 tests\admin-logic-regressions.spec.js:83:1 › Smart Paste remains review-only after secure Admin cutover (4ms)
  ok  9 tests\admin-logic-regressions.spec.js:93:1 › shared Admin navigation reuses authorized projections in secure mode (11ms)
  ok 10 tests\admin-logic-regressions.spec.js:113:1 › purchase-order workspace uses the fixed procurement projection in secure mode (4ms)
  ok 11 tests\admin-logic-regressions.spec.js:123:1 › inventory product editing routes every photo assignment through the dedicated media workflow (20ms)
  ok 12 tests\admin-logic-regressions.spec.js:145:1 › permanent product deletion uses the signed secure command before the legacy flag-off path (3ms)
  ok 13 tests\admin-logic-regressions.spec.js:156:1 › admin helpers never continue after inventory verification or save failure (6ms)
  ok 14 tests\admin-logic-regressions.spec.js:173:1 › coupon administration uses safe projections and reasoned mobile actions (7ms)
  ok 15 tests\admin-logic-regressions.spec.js:185:1 › lot editor separates physical, reserved, and sellable truth and blocks unsafe legacy saves (18ms)
  ok 16 tests\admin-sales-calculation.spec.js:16:1 › sales summary keeps submitted, verified, and fulfilled values separate (1ms)
  ok 17 tests\admin-sales-calculation.spec.js:26:1 › payment-by-fulfillment reconciliation partitions every request and peso exactly once (3ms)
  ok 18 tests\admin-sales-calculation.spec.js:45:1 › sales planner computes the complete bounded staff scenario (6ms)
  ok 19 tests\admin-sales-calculation.spec.js:58:1 › sales planner rejects unsafe values and never returns NaN or Infinity (8ms)
  ok 20 tests\admin-sales-calculation.spec.js:72:1 › target-price planner solves percentage fees and target gross margin exactly (1ms)
  ok 21 tests\admin-sales-calculation.spec.js:86:1 › target-price planner rounds upward and denies impossible or unsafe targets (8ms)
  ok 22 tests\admin-sales-calculation.spec.js:106:1 › maximum-discount planner rounds the safe allowance downward and preserves the target margin (3ms)
  ok 23 tests\admin-sales-calculation.spec.js:123:1 › maximum-discount planner denies a price that misses the target at zero discount and unsafe inputs (7ms)
  ok 24 tests\admin-sales-calculation.spec.js:140:1 › target-quantity planner rounds to the minimum whole units that reach planned profit (5ms)
  ok 25 tests\admin-sales-calculation.spec.js:162:1 › target-quantity planner refuses non-contributing products and unsafe targets (8ms)
  ok 26 tests\admin-sales-calculation.spec.js:179:1 › planning summaries preserve each valid mode assumptions and results without customer data (18ms)
  ok 27 tests\admin-sales-calculation.spec.js:222:1 › sales record filters use exact canonical states and newest-first order (5ms)
  ok 28 tests\admin-sales-calculation.spec.js:239:1 › sales CSV exports the exact filter without customer data or spreadsheet formulas (7ms)
  ok 29 tests\admin-sales-calculation.spec.js:260:1 › the sales planner is mounted in the authenticated Admin shell (5ms)
  ok 30 tests\overview-availability.spec.js:28:1 › a failed domain is unavailable, not zero (3ms)
  ok 31 tests\overview-availability.spec.js:38:1 › a genuine zero stays a zero (2ms)
  ok 32 tests\overview-availability.spec.js:44:1 › a metric spanning several domains is unavailable when any of them is (1ms)
  ok 33 tests\overview-availability.spec.js:50:1 › unknown product stock is counted as unknown, never as out of stock (1ms)
  ok 34 tests\overview-availability.spec.js:62:1 › an export is refused while its source data is unavailable or stale (2ms)
  ok 35 tests\overview-availability.spec.js:73:1 › the dashboard and stock holds report unavailable data instead of deriving zero (3ms)
  ok 36 tests\overview-availability.spec.js:87:1 › the command center counts unknown stock as unknown and orders queues by severity (5ms)
  ok 37 tests\overview-availability.spec.js:102:1 › screen and export attribute channels identically (1ms)
  ok 38 tests\overview-availability.spec.js:111:1 › sales exports preserve exact channel aliases and reject marketplace-like unknown sources (5ms)
  ok 39 tests\overview-availability.spec.js:123:1 › the overview period aliases the canonical Manila window (4ms)

  39 passed (1.5s)
