
Running 105 tests using 1 worker

(node:14612) Warning: The 'NO_COLOR' env is ignored due to the 'FORCE_COLOR' env being set.
(Use `node --trace-warnings ...` to show where the warning was created)
  ok   1 tests\admin-bff-contract.spec.js:127:1 › admin API fails closed on the storefront project and wrong origin (20ms)
  ok   2 tests\admin-bff-contract.spec.js:141:1 › admin auth endpoints enforce method and pending/session boundaries (12ms)
  ok   3 tests\admin-bff-contract.spec.js:164:1 › admin overview is fixed-schema, session-gated, and reports partial data safely (12ms)
  ok   4 tests\admin-bff-contract.spec.js:204:1 › prepared admin client uses same-origin cookies and never receives Supabase tokens (11ms)
  ok   5 tests\admin-bff-contract.spec.js:219:1 › secure Admin does not mount the shared direct-browser Globe Auth and data provider (6ms)
  ok   6 tests\admin-bff-contract.spec.js:234:1 › staff password recovery is server-only, callback-bounded, and leaves provider tokens out of browser code (15ms)
  ok   7 tests\admin-bff-contract.spec.js:261:1 › staff password recovery consumes a signed durable pre-auth budget without storing raw identifiers (5ms)
  ok   8 tests\admin-bff-contract.spec.js:273:1 › staff recovery pre-auth signer hides identifiers and rejects malformed boundary results (24ms)
  ok   9 tests\admin-bff-contract.spec.js:337:1 › durable staff recovery denial returns Retry-After before requesting provider email (7ms)
  ok  10 tests\admin-bff-contract.spec.js:370:1 › durable staff login denial returns Retry-After before password-provider authentication (14ms)
  ok  11 tests\admin-bff-contract.spec.js:422:1 › Admin login and recovery bot denials happen after durable budgets and before provider calls (9ms)
  ok  12 tests\admin-bff-contract.spec.js:470:1 › durable pending MFA denial returns Retry-After before provider session restoration (19ms)
  ok  13 tests\admin-bff-contract.spec.js:536:1 › durable recovery completion denial returns Retry-After before provider session restoration (11ms)
  ok  14 tests\admin-bff-contract.spec.js:584:1 › durable recovery verification denial returns Retry-After before token verification (6ms)
  ok  15 tests\admin-bff-contract.spec.js:617:1 › staff password recovery validates exact payloads, exact callback host, and short recovery cookies (15ms)
  ok  16 tests\admin-bff-contract.spec.js:655:1 › staff password recovery handlers fail closed before provider activation (8ms)
  ok  17 tests\admin-bff-contract.spec.js:693:1 › admin and storefront providers remain separate production runtimes (21ms)
  ok  18 tests\admin-bff-contract.spec.js:707:1 › admin product projection is session-gated and derives stock without exposing full rows (7ms)
  ok  19 tests\admin-bff-contract.spec.js:733:1 › fulfillment BFF is session/CSRF/idempotency gated and validates fixed command schemas (9ms)
  ok  20 tests\admin-bff-contract.spec.js:756:1 › payment verdicts require the Admin role while warehouse commands stay with Staff (6ms)
  ok  21 tests\admin-bff-contract.spec.js:769:1 › operational payment evidence rejects non-text JSON values (5ms)
  ok  22 tests\admin-bff-contract.spec.js:782:1 › operational delivery amounts require explicit numbers and preserve zero (8ms)
  ok  23 tests\admin-bff-contract.spec.js:790:1 › operational stock quantities reject coercion before signing (4ms)
  ok  24 tests\admin-bff-contract.spec.js:798:1 › operational receiving rejects impossible expiry dates and coerced declarations (6ms)
  ok  25 tests\admin-bff-contract.spec.js:808:1 › operational receiving scan codes must be text (3ms)
  ok  26 tests\admin-bff-contract.spec.js:815:1 › operational channel verification rejects fabricated reference and reason types (4ms)
  ok  27 tests\admin-bff-contract.spec.js:823:1 › fulfillment boundary is signed, replay-safe, and remains feature-gated (5ms)
  ok  28 tests\admin-bff-contract.spec.js:836:1 › universal inbox BFF preserves internal-note truth and rejects loose payloads (6ms)
  ok  29 tests\admin-bff-contract.spec.js:865:1 › prepared inbox boundary keeps internal notes private and website replies signed (9ms)
  ok  30 tests\admin-bff-contract.spec.js:890:1 › Pasabuy BFF is session/idempotency gated and bounds owner-selected pricing (7ms)
  ok  31 tests\admin-bff-contract.spec.js:917:1 › prepared Pasabuy boundary is signed, durable, rationale-audited, and feature-gated (10ms)
  ok  32 tests\admin-bff-contract.spec.js:939:1 › product-intake BFF is session/idempotency gated and rejects loose operational input (14ms)
  ok  33 tests\admin-bff-contract.spec.js:989:1 › prepared product-intake boundary is named, signed, receipt-backed, and upload-honest (5ms)
  ok  34 tests\admin-bff-contract.spec.js:1004:1 › private intake evidence requires real single-image decoding and strips metadata (20ms)
  ok  35 tests\admin-bff-contract.spec.js:1021:1 › pending Admin MFA enrollment is exact, bounded, stale-factor-safe, and returns verified session material only (10ms)
  ok  36 tests\admin-bff-contract.spec.js:1066:1 › active Admin MFA replacement is reasoned, signed, exact-factor-safe, and separately gated (29ms)
  ok  37 tests\admin-bff-contract.spec.js:1188:1 › public product media is session-gated and registered only after server byte verification (11ms)
  ok  38 tests\admin-bff-contract.spec.js:1219:1 › product media assignment is signed, receipt-bound, reasoned, and removal-safe (20ms)
  ok  39 tests\admin-bff-contract.spec.js:1277:1 › Globe and review claims are Admin-only, evidence-bound, reversible, and publicly least-privileged (13ms)
  ok  40 tests\admin-bff-contract.spec.js:1316:1 › procurement reads are fixed and supplier creation is Admin-only, reasoned, and receipt-backed (8ms)
  ok  41 tests\admin-bff-contract.spec.js:1334:1 › channel readiness is aggregated and internal verification is signed, reasoned, and Admin-only (7ms)
  ok  42 tests\admin-bff-contract.spec.js:1352:1 › staff access reads are fixed and role/PIN changes are signed, reasoned, and Admin-only (11ms)
  ok  43 tests\admin-bff-contract.spec.js:1373:1 › staff invitations cross one exact reason-bound BFF route without exposing the provider session (13ms)
  ok  44 tests\admin-bff-contract.spec.js:1423:1 › system readiness is Admin-only, boolean-only, and never exposes raw diagnostics (16ms)
  ok  45 tests\admin-bff-contract.spec.js:1438:1 › durable Admin sessions use exact owner-bound signed commands (8ms)
  ok  46 tests\admin-bff-contract.spec.js:1479:1 › product-master commands are exact, reasoned, idempotent, and Admin-only (15ms)
  ok  47 tests\admin-bff-contract.spec.js:1530:1 › prepared Admin session registry is private, AAL2-bound, and fail-closed (14ms)
  ok  48 tests\admin-bff-contract.spec.js:1580:1 › single-function Admin router allowlists every prepared endpoint and rejects unknown paths (27ms)
  ok  49 tests\admin-bff-contract.spec.js:1690:1 › deployable Admin entrypoint remains unavailable until its independent server switch is enabled (3ms)
  ok  50 tests\admin-bff-contract.spec.js:1709:1 › failed intake evidence registration removes the unregistered private object (2ms)
  ok  51 tests\admin-bff-contract.spec.js:1733:1 › failed intake evidence cleanup is durable, retryable, and never exposes its private path (3ms)
  ok  52 tests\admin-bff-contract.spec.js:1780:1 › provider cleanup failure stays pending and is not falsely marked complete (2ms)
  ok  53 tests\admin-bff-contract.spec.js:1809:1 › unexpected cleanup claim state cannot reach private evidence deletion (3ms)
  ok  54 tests\admin-bff-contract.spec.js:1840:1 › cleanup stays pending without an exact completion receipt (1ms)
  ok  55 tests\admin-bff-contract.spec.js:1871:1 › flight consignment BFF is session/idempotency gated and validates exact scan truth (4ms)
  ok  56 tests\admin-bff-contract.spec.js:1896:1 › prepared flight boundary preserves unit scans, reasons, durable retry, and direct-RPC cutover (5ms)
  ok  57 tests\admin-bff-contract.spec.js:1913:1 › customer BFF is session-gated and keeps canonical identities separate (3ms)
  ok  58 tests\admin-bff-contract.spec.js:1937:1 › Wholesale inquiry projection is staff/AAL2-only, fixed, and has no commercial authority (13ms)
  ok  59 tests\admin-bff-contract.spec.js:1958:1 › coupon BFF is session/idempotency gated and validates exact financial rules (8ms)
  ok  60 tests\admin-bff-contract.spec.js:1984:1 › prepared coupon boundary is admin-only, reasoned, auditable, and feature-gated (7ms)
  ok  61 tests\admin-bff-contract.spec.js:2002:1 › lot and expiry BFF is session/idempotency gated and rejects unsafe reconciliation input (8ms)
  ok  62 tests\admin-bff-contract.spec.js:2033:1 › prepared lot boundary derives sellable stock, preserves reservations, and replaces prompt-based decisions (8ms)
  ok  63 tests\admin-sales-calculation.spec.js:16:1 › sales summary keeps submitted, verified, and fulfilled values separate (1ms)
  ok  64 tests\admin-sales-calculation.spec.js:26:1 › payment-by-fulfillment reconciliation partitions every request and peso exactly once (2ms)
  ok  65 tests\admin-sales-calculation.spec.js:45:1 › sales planner computes the complete bounded staff scenario (3ms)
  ok  66 tests\admin-sales-calculation.spec.js:58:1 › sales planner rejects unsafe values and never returns NaN or Infinity (6ms)
  ok  67 tests\admin-sales-calculation.spec.js:72:1 › target-price planner solves percentage fees and target gross margin exactly (2ms)
  ok  68 tests\admin-sales-calculation.spec.js:86:1 › target-price planner rounds upward and denies impossible or unsafe targets (7ms)
  ok  69 tests\admin-sales-calculation.spec.js:106:1 › maximum-discount planner rounds the safe allowance downward and preserves the target margin (2ms)
  ok  70 tests\admin-sales-calculation.spec.js:123:1 › maximum-discount planner denies a price that misses the target at zero discount and unsafe inputs (5ms)
  ok  71 tests\admin-sales-calculation.spec.js:140:1 › target-quantity planner rounds to the minimum whole units that reach planned profit (3ms)
  ok  72 tests\admin-sales-calculation.spec.js:162:1 › target-quantity planner refuses non-contributing products and unsafe targets (5ms)
  ok  73 tests\admin-sales-calculation.spec.js:179:1 › planning summaries preserve each valid mode assumptions and results without customer data (15ms)
  ok  74 tests\admin-sales-calculation.spec.js:222:1 › sales record filters use exact canonical states and newest-first order (4ms)
  ok  75 tests\admin-sales-calculation.spec.js:239:1 › sales CSV exports the exact filter without customer data or spreadsheet formulas (6ms)
  ok  76 tests\admin-sales-calculation.spec.js:259:1 › the sales planner is mounted in the authenticated Admin shell (3ms)
  ok  77 tests\guest-conversation-seed-contract.spec.js:17:1 › order and pasabuy submissions seed the conversation instead of opening an empty thread (4ms)
  ok  78 tests\guest-conversation-seed-contract.spec.js:34:1 › seeded columns exist in the canonical table definitions (36ms)
  ok  79 tests\guest-conversation-seed-contract.spec.js:44:1 › seeded copy states the reference and next step without promising speed (4ms)
  ok  80 tests\guest-conversation-seed-contract.spec.js:55:1 › the seeding migration preserves the anonymous submission grants (1ms)
  ok  81 tests\overview-availability.spec.js:28:1 › a failed domain is unavailable, not zero (4ms)
  ok  82 tests\overview-availability.spec.js:38:1 › a genuine zero stays a zero (1ms)
  ok  83 tests\overview-availability.spec.js:44:1 › a metric spanning several domains is unavailable when any of them is (1ms)
  ok  84 tests\overview-availability.spec.js:50:1 › unknown product stock is counted as unknown, never as out of stock (1ms)
  ok  85 tests\overview-availability.spec.js:62:1 › an export is refused while its source data is unavailable or stale (2ms)
  ok  86 tests\overview-availability.spec.js:73:1 › the dashboard and stock holds report unavailable data instead of deriving zero (4ms)
  ok  87 tests\overview-availability.spec.js:87:1 › the command center counts unknown stock as unknown and orders queues by severity (6ms)
  ok  88 tests\overview-availability.spec.js:102:1 › screen and export attribute channels identically (1ms)
  ok  89 tests\overview-availability.spec.js:111:1 › the overview period aliases the canonical Manila window (4ms)
  ok  90 tests\release-ci-contract.spec.js:8:1 › CI authorization runner receives the same isolated database as the migration runner (2ms)
  ok  91 tests\release-ci-contract.spec.js:16:1 › remote CI runs the complete local acceptance command without skipping protected Admin fixtures (11ms)
  ok  92 tests\release-ci-contract.spec.js:59:1 › the shared Playwright server cannot be reused by a CI run (2ms)
  ok  93 tests\release-ci-contract.spec.js:68:1 › selling fixtures wait for the observed slow CSS transform before starting browser assertions (6ms)
  ok  94 tests\release-ci-contract.spec.js:76:1 › protected recovery journeys run only in their dedicated fixture environment (8ms)
  ok  95 tests\release-ci-contract.spec.js:88:1 › every Playwright runner rejects accidental focused tests in CI (6ms)
  ok  96 tests\release-ci-contract.spec.js:106:1 › Playwright web servers use cross-platform commands on the Ubuntu CI runner (4ms)
  ok  97 tests\storefront-truth-contract.spec.js:8:1 › zero stock reaches the stock pill instead of falling back (4ms)
  ok  98 tests\storefront-truth-contract.spec.js:14:1 › a failed catalog load never reads as empty and a stale list says so (6ms)
  ok  99 tests\storefront-truth-contract.spec.js:26:1 › route changes move screen-reader and keyboard focus to the destination (2ms)
  ok 100 tests\storefront-truth-contract.spec.js:34:1 › retries keep their idempotency identity and double submits stay silent (2ms)
  ok 101 tests\storefront-truth-contract.spec.js:44:1 › provenance claims render only from recorded origin evidence (2ms)
  ok 102 tests\storefront-truth-contract.spec.js:52:1 › checkout offers the server-accepted fulfillment methods instead of hardcoding one (2ms)
  ok 103 tests\storefront-truth-contract.spec.js:60:1 › wholesale rejects malformed contact details before submission (1ms)
  ok 104 tests\turnstile-wiring-contract.spec.js:20:1 › every TurnstileChallenge usage wires onTokenChange, never onVerify (85ms)
  ok 105 tests\turnstile-wiring-contract.spec.js:38:1 › widget bot-check actions agree with the server expected actions (8ms)

  105 passed (4.1s)
