
> k2-jimzon-prototype@0.1.0 test:payment-ui
> playwright test --config=playwright.payment.config.js

[WebServer] (node:19424) Warning: The 'NO_COLOR' env is ignored due to the 'FORCE_COLOR' env being set.
[WebServer] (Use `node --trace-warnings ...` to show where the warning was created)
[WebServer] (node:18392) Warning: The 'NO_COLOR' env is ignored due to the 'FORCE_COLOR' env being set.
[WebServer] (Use `node --trace-warnings ...` to show where the warning was created)

Running 33 tests using 1 worker

(node:20692) Warning: The 'NO_COLOR' env is ignored due to the 'FORCE_COLOR' env being set.
(Use `node --trace-warnings ...` to show where the warning was created)
  ok  1 tests\catalog-import-recovery-ui.spec.js:16:1 › uncertain catalog commit freezes review and retries the exact chunk identity (1.1m)
  ok  2 tests\catalog-import-recovery-ui.spec.js:77:1 › catalog commit response from a disposed staff view cannot refresh the next actor (26.4s)
  ok  3 tests\catalog-import-recovery-ui.spec.js:118:1 › definitive catalog rejection reopens correction with a new operation identity (11.0s)
  ok  4 tests\coupon-recovery-ui.spec.js:8:3 › create retains the frozen coupon command after a lost response (10.9s)
  ok  5 tests\coupon-recovery-ui.spec.js:8:3 › activate retains the frozen coupon command after a lost response (5.6s)
  ok  6 tests\coupon-recovery-ui.spec.js:8:3 › pause retains the frozen coupon command after a lost response (1.4s)
  ok  7 tests\coupon-recovery-ui.spec.js:8:3 › archive retains the frozen coupon command after a lost response (1.6s)
  ok  8 tests\coupon-recovery-ui.spec.js:75:1 › coupon rejection permits a corrected command with a different identity (1.1s)
  ok  9 tests\coupon-recovery-ui.spec.js:102:1 › coupon dialogs restore the keyboard trigger after cancellation on a short viewport (683ms)
  ok 10 tests\coupon-recovery-ui.spec.js:123:1 › coupon actor change discards late completion and the old form (770ms)
  ok 11 tests\media-recovery-ui.spec.js:12:44 › media lost freezes pending details and retains the assignment key (698ms)
  ok 12 tests\media-recovery-ui.spec.js:12:44 › media cleanup freezes pending details and retains the assignment key (612ms)
  ok 13 tests\media-recovery-ui.spec.js:44:1 › media rejection reopens correction with a new assignment key (779ms)
  ok 14 tests\media-recovery-ui.spec.js:62:1 › media assignment waits for an in-flight upload (562ms)
  ok 15 tests\media-recovery-ui.spec.js:77:1 › media actor change discards late save completion (733ms)
  ok 16 tests\payment-recovery-ui.spec.js:7:3 › correct rejected evidence safely at 375x812 (476ms)
  ok 17 tests\payment-recovery-ui.spec.js:7:3 › correct rejected evidence safely at 844x390 (465ms)
  ok 18 tests\payment-recovery-ui.spec.js:7:3 › correct rejected evidence safely at 1280x900 (651ms)
  ok 19 tests\payment-recovery-ui.spec.js:25:1 › legacy failure stays blocked until the protected recovery boundary is active (446ms)
  ok 20 tests\payment-recovery-ui.spec.js:31:1 › uncertain outcome keeps evidence and shows reconciliation feedback (658ms)
  ok 21 tests\payment-recovery-ui.spec.js:41:1 › physical lot selection resets confirmation and blocks missing identity on phone (408ms)
  ok 22 tests\payment-recovery-ui.spec.js:58:3 › handover freezes pending details and retries the same uncertain command (531ms)
  ok 23 tests\payment-recovery-ui.spec.js:58:3 › delivery freezes pending details and retries the same uncertain command (570ms)
  ok 24 tests\payment-recovery-ui.spec.js:58:3 › custody freezes pending details and retries the same uncertain command (534ms)
  ok 25 tests\payment-recovery-ui.spec.js:58:3 › supplier freezes pending details and retries the same uncertain command (519ms)
  ok 26 tests\payment-recovery-ui.spec.js:102:1 › handover denial permits correction and actor change discards late completion (800ms)
  ok 27 tests\payment-recovery-ui.spec.js:125:3 › handover legacy uncertainty requires reconciliation on a short viewport (587ms)
  ok 28 tests\payment-recovery-ui.spec.js:125:3 › delivery legacy uncertainty requires reconciliation on a short viewport (617ms)
  ok 29 tests\wholesale-recovery-ui.spec.js:23:67 › wholesale lost retains the original review command (669ms)
  ok 30 tests\wholesale-recovery-ui.spec.js:23:67 › wholesale unavailable retains the original review command (674ms)
  ok 31 tests\wholesale-recovery-ui.spec.js:23:67 › wholesale missing receipt retains the original review command (682ms)
  ok 32 tests\wholesale-recovery-ui.spec.js:61:1 › wholesale rejection permits correction and uses a new identity (768ms)
  ok 33 tests\wholesale-recovery-ui.spec.js:80:1 › wholesale actor change prevents an old response closing the new review (759ms)

  33 passed (2.4m)

> k2-jimzon-prototype@0.1.0 test:inbox-ui
> playwright test --config=playwright.inbox.config.js

[WebServer] (node:7376) Warning: The 'NO_COLOR' env is ignored due to the 'FORCE_COLOR' env being set.
[WebServer] (Use `node --trace-warnings ...` to show where the warning was created)
[WebServer] (node:20500) Warning: The 'NO_COLOR' env is ignored due to the 'FORCE_COLOR' env being set.
[WebServer] (Use `node --trace-warnings ...` to show where the warning was created)

Running 27 tests using 1 worker

(node:18116) Warning: The 'NO_COLOR' env is ignored due to the 'FORCE_COLOR' env being set.
(Use `node --trace-warnings ...` to show where the warning was created)
  ok  1 tests\inbox-phase2.spec.js:5:1 › drafts remain bound to the customer when switching channels (1.1m)
  ok  2 tests\inbox-phase2.spec.js:15:1 › pending note save preserves edits made after submission (24.0s)
  ok  3 tests\inbox-phase2.spec.js:25:1 › late note completion cannot clear another customer draft or show its success there (12.8s)
  ok  4 tests\inbox-phase2.spec.js:38:1 › workflow reason retains keyboard focus through multiple characters (10.0s)
  ok  5 tests\inbox-phase2.spec.js:48:1 › staff switching discards the prior actor draft and late notice (6.3s)
  ok  6 tests\inbox-phase2.spec.js:62:3 › delayed history cannot replace the current customer (1.4s)
  ok  7 tests\inbox-phase2.spec.js:62:3 › delayed history cannot replace the current return visit (901ms)
  ok  8 tests\inbox-phase2.spec.js:80:1 › delayed website reply preserves newer text (1.7s)
  ok  9 tests\inbox-phase2.spec.js:91:1 › phone navigation preserves each customer draft (655ms)
  ok 10 tests\inbox-phase2.spec.js:106:3 › Phase 2 unified inbox contract › migration models workflow, delivery truth, and immutable events (11ms)
  ok 11 tests\inbox-phase2.spec.js:125:3 › Phase 2 unified inbox contract › admin inbox runtime normalizes snake_case and camelCase unread state independently from status (9ms)
  ok 12 tests\inbox-phase2.spec.js:162:3 › Phase 2 unified inbox contract › admin inbox labels internal notes and disconnected delivery truthfully (4ms)
  ok 13 tests\inbox-phase2.spec.js:176:3 › Phase 2 inbox interactions › desktop queue saves internal notes and controlled workflow changes (664ms)
  ok 14 tests\inbox-phase2.spec.js:200:3 › Phase 2 inbox interactions › mobile queue opens one conversation at a time with a usable back action (482ms)
  ok 15 tests\inbox-phase2.spec.js:218:3 › Phase 2 inbox interactions › virtual-store website chat is unmistakable and sends a customer-visible reply (690ms)
  ok 16 tests\inbox-phase2.spec.js:236:3 › Inbox polling ownership and canonical unread › background polling yields to hidden tabs, in-flight reads, and disabled sessions (154ms)
  ok 17 tests\inbox-phase2.spec.js:245:3 › Inbox polling ownership and canonical unread › a superseded read response can never repopulate the queue (5ms)
  ok 18 tests\inbox-phase2.spec.js:253:3 › Inbox polling ownership and canonical unread › a failed background poll keeps the loaded queue and marks it stale (2ms)
  ok 19 tests\inbox-phase2.spec.js:264:3 › Inbox polling ownership and canonical unread › a replayed read receipt cannot clear a message that arrived after it (2ms)
  ok 20 tests\inbox-phase2.spec.js:278:3 › Inbox polling ownership and canonical unread › the Inbox tells staff when the visible queue is stale rather than live (458ms)
  ok 21 tests\inbox-phase2.spec.js:284:3 › Inbox polling ownership and canonical unread › the inbox runtime owns its polling instead of resetting the queue every interval (6ms)
  ok 22 tests\inbox-phase2.spec.js:298:3 › Inbox event history parity and failure states › a failed history read is distinguishable from an empty one and can be retried (591ms)
  ok 23 tests\inbox-phase2.spec.js:308:3 › Inbox event history parity and failure states › event history is reachable on a phone, not only on wide desktops (466ms)
  ok 24 tests\inbox-phase2.spec.js:318:3 › Inbox event history parity and failure states › the runtime reports a failed history read instead of an empty timeline (1ms)
  ok 25 tests\inbox-phase2.spec.js:326:3 › Inbox ambiguous command reconciliation › an unconfirmed command is shown as unknown, not as a clean failure (599ms)
  ok 26 tests\inbox-phase2.spec.js:338:3 › Inbox ambiguous command reconciliation › the runtime distinguishes an unconfirmed command from a rejected one (2ms)
  ok 27 tests\inbox-phase2.spec.js:344:3 › Inbox ambiguous command reconciliation › leaving the page with an unresolved command is guarded, because a reload discards its identity (3ms)

  27 passed (2.2m)

> k2-jimzon-prototype@0.1.0 test:admin-product-master-ui
> playwright test --config=playwright.product-master.config.js tests/admin-product-master-ui.spec.js

[WebServer] (node:9528) Warning: The 'NO_COLOR' env is ignored due to the 'FORCE_COLOR' env being set.
[WebServer] (Use `node --trace-warnings ...` to show where the warning was created)
[WebServer] (node:4952) Warning: The 'NO_COLOR' env is ignored due to the 'FORCE_COLOR' env being set.
[WebServer] (Use `node --trace-warnings ...` to show where the warning was created)

Running 1 test using 1 worker

(node:12812) Warning: The 'NO_COLOR' env is ignored due to the 'FORCE_COLOR' env being set.
(Use `node --trace-warnings ...` to show where the warning was created)
  ok 1 [chromium] › tests\admin-product-master-ui.spec.js:27:1 › keeps secure Product Master edit, lifecycle, and delete decisions usable at 375px (1.4m)

  1 passed (1.4m)

> k2-jimzon-prototype@0.1.0 test:owner-count-close-ui
> playwright test --config=playwright.owner-close.config.js tests/owner-count-close-ui.spec.js

[WebServer] (node:5336) Warning: The 'NO_COLOR' env is ignored due to the 'FORCE_COLOR' env being set.
[WebServer] (Use `node --trace-warnings ...` to show where the warning was created)
[WebServer] (node:21208) Warning: The 'NO_COLOR' env is ignored due to the 'FORCE_COLOR' env being set.
[WebServer] (Use `node --trace-warnings ...` to show where the warning was created)

Running 1 test using 1 worker

(node:18452) Warning: The 'NO_COLOR' env is ignored due to the 'FORCE_COLOR' env being set.
(Use `node --trace-warnings ...` to show where the warning was created)
  ok 1 tests\owner-count-close-ui.spec.js:12:1 › phone Owner Count & Close reaches a sealed customer-free handoff (1.5m)

  1 passed (1.6m)

> k2-jimzon-prototype@0.1.0 test:customer-account-ui
> node scripts/test-customer-account-ui.mjs


Running 3 tests using 1 worker

(node:16192) Warning: The 'NO_COLOR' env is ignored due to the 'FORCE_COLOR' env being set.
(Use `node --trace-warnings ...` to show where the warning was created)
  ok 1 tests\customer-account-ui.spec.js:27:1 › customer account entry is phone-safe, passwordless, recoverable, and keeps primary mobile navigation at five (1.5m)
  ok 2 tests\customer-account-ui.spec.js:64:1 › verified account claims once, loads only customer-visible history, and sends an authenticated bounded reply (8.6s)
  ok 3 tests\wholesale-inquiry-ui.spec.js:3:1 › secure wholesale inquiry returns only a server receipt and no commercial authority (16.2s)

  3 passed (2.0m)

> k2-jimzon-prototype@0.1.0 test:selling-surfaces
> playwright test --config=playwright.selling.config.js tests/storefront-selling-surfaces.spec.js tests/hero-enhancement.spec.js

[WebServer] (node:18520) Warning: The 'NO_COLOR' env is ignored due to the 'FORCE_COLOR' env being set.
[WebServer] (Use `node --trace-warnings ...` to show where the warning was created)
[WebServer] (node:21316) Warning: The 'NO_COLOR' env is ignored due to the 'FORCE_COLOR' env being set.
[WebServer] (Use `node --trace-warnings ...` to show where the warning was created)

Running 8 tests using 1 worker

(node:21048) Warning: The 'NO_COLOR' env is ignored due to the 'FORCE_COLOR' env being set.
(Use `node --trace-warnings ...` to show where the warning was created)
  ok 1 tests\hero-enhancement.spec.js:21:1 › additive hero preserves the original content and supports keyboard shopping (51.2s)
  ok 2 tests\hero-enhancement.spec.js:67:1 › unavailable product images fall back without losing the product link (5.5s)
  ok 3 tests\hero-enhancement.spec.js:78:1 › loading and empty collection keep both original shopping routes available (3.4s)
  ok 4 tests\storefront-selling-surfaces.spec.js:30:1 › product detail renders canonical price and stock, then enforces the cart limit (1.5s)
  ok 5 tests\storefront-selling-surfaces.spec.js:81:1 › guest message start and reply paths preserve scoped behavioral receipts (1.1s)
  ok 6 tests\storefront-selling-surfaces.spec.js:161:1 › order confirmation explains the staff-reviewed exception path without an SLA promise (3.4s)
  ok 7 tests\storefront-selling-surfaces.spec.js:248:1 › cold confirmation handles an expired guest grant with a useful recovery state (624ms)
  ok 8 tests\storefront-selling-surfaces.spec.js:264:1 › unknown storefront and product URLs render explicit recovery pages (1.1s)

  8 passed (2.2m)

> k2-jimzon-prototype@0.1.0 test:workflow-api
> playwright test --config=playwright.workflow.config.js

[WebServer] (node:18880) Warning: The 'NO_COLOR' env is ignored due to the 'FORCE_COLOR' env being set.
[WebServer] (Use `node --trace-warnings ...` to show where the warning was created)
[WebServer] (node:18256) Warning: The 'NO_COLOR' env is ignored due to the 'FORCE_COLOR' env being set.
[WebServer] (Use `node --trace-warnings ...` to show where the warning was created)

Running 4 tests using 1 worker

(node:4424) Warning: The 'NO_COLOR' env is ignored due to the 'FORCE_COLOR' env being set.
(Use `node --trace-warnings ...` to show where the warning was created)
  ok 1 tests\workflow-api-ui.spec.js:5:1 › workflow step requests real API records only on staff action (1.1m)
  ok 2 tests\workflow-api-ui.spec.js:26:1 › partial data stays explicit and a refresh replaces the previous batch (19.8s)
  ok 3 tests\workflow-api-ui.spec.js:43:1 › denied and malformed replies do not masquerade as empty success (4.8s)
  ok 4 tests\workflow-api-ui.spec.js:54:1 › switching steps drops old responses and loads the new allowed route (7.7s)

  4 passed (1.7m)

> k2-jimzon-prototype@0.1.0 test:intake-ai-ui
> playwright test --config=playwright.intake-ai.config.js

[WebServer] (node:20128) Warning: The 'NO_COLOR' env is ignored due to the 'FORCE_COLOR' env being set.
[WebServer] (Use `node --trace-warnings ...` to show where the warning was created)
[WebServer] (node:8160) Warning: The 'NO_COLOR' env is ignored due to the 'FORCE_COLOR' env being set.
[WebServer] (Use `node --trace-warnings ...` to show where the warning was created)

Running 9 tests using 1 worker

(node:13508) Warning: The 'NO_COLOR' env is ignored due to the 'FORCE_COLOR' env being set.
(Use `node --trace-warnings ...` to show where the warning was created)
  ok 1 tests\intake-ai-ui.spec.js:5:1 › replacing the actor during a Draft command ignores its late receipt (57.7s)
  ok 2 tests\intake-ai-ui.spec.js:32:1 › uncertain intake step freezes its reviewed payload and retries the same outer receipt key (21.0s)
  ok 3 tests\intake-ai-ui.spec.js:72:1 › pending packaging review freezes every reviewed control and allows correction only after rejection (11.9s)
  ok 4 tests\intake-ai-ui.spec.js:114:1 › uncertain Draft creation after response loss retries the frozen reviewed Draft with the same outer receipt key (10.5s)
  ok 5 tests\intake-ai-ui.spec.js:114:1 › uncertain Draft creation after refresh failure retries the frozen reviewed Draft with the same outer receipt key (13.4s)
  ok 6 tests\intake-ai-ui.spec.js:114:1 › uncertain Draft creation after incomplete receipt retries the frozen reviewed Draft with the same outer receipt key (1.9s)
  ok 7 tests\intake-ai-ui.spec.js:162:1 › uncertain first inventory preserves separate inner request and outer receipt identities (2.6s)
  ok 8 tests\intake-ai-ui.spec.js:205:1 › real modal persists automatic field-review transition before saving reviewed canonical Draft (811ms)
  ok 9 tests\intake-ai-ui.spec.js:259:1 › phone recovery, missing configuration, reviewed image and canonical attachment remain deliberate (887ms)

  9 passed (2.1m)
