# MAP-020 Security Surface Inventory

Generated: 2026-09-06T02:35:57.245Z

- Prepared Admin routes: 91
- Prepared Storefront routes: 15
- Supabase Edge Functions: 2 (invite-staff, shopee-webhook)
- api_request: 54 source operations
- auth: 37 source operations
- realtime: 12 source operations
- rpc: 111 source operations
- storage: 14 source operations
- table: 117 source operations
- SQL functionDefinitionOccurrences: 192
- SQL uniqueFunctionSignatures: 155
- SQL functionGrantEvents: 146
- SQL functionRevokeEvents: 200
- SQL functionSearchPathHardeningEvents: 6
- SQL effectiveSecurityDefinerWithoutFixedSearchPath: 0
- SQL effectiveFunctionsWithPublicExecute: 0
- SQL effectiveFunctionsWithAnonExecute: 14
- SQL effectiveFunctionsWithAuthenticatedExecute: 83
- SQL effectiveFunctionsWithServiceRoleExecute: 8
- SQL scheduledJobs: 0
- SQL publicationChanges: 16
- SQL policyDefinitions: 145
- SQL storagePolicyDefinitions: 15
- Dynamic operations requiring explicit review: 0
- Exact expected anonymous function grants: 14
- Unexpected PUBLIC function grants: 0
- Unexpected anonymous function grants: 0
- Missing expected anonymous function grants: 0
- BFF route-control classification gaps: 0
- Wildcard CORS production sources: 0

This is a source inventory, not deployment or authorization evidence.
