
Running 41 tests using 1 worker

(node:2748) Warning: The 'NO_COLOR' env is ignored due to the 'FORCE_COLOR' env being set.
(Use `node --trace-warnings ...` to show where the warning was created)
  ok  1 tests\admin-logic-regressions.spec.js:6:1 › expiry drawer changes business day at Manila midnight (13ms)
  ok  2 tests\admin-logic-regressions.spec.js:16:1 › clearance success reloads the exact canonical lot rather than inventing approval facts (11ms)
  ok  3 tests\admin-logic-regressions.spec.js:46:1 › overview periods use Manila midnight across UTC day and year boundaries (35ms)
  ok  4 tests\admin-logic-regressions.spec.js:55:1 › overview completeness rejects capped result sets instead of reporting their subtotal as a total (66ms)
  ok  5 tests\admin-logic-regressions.spec.js:74:1 › overview never fabricates inventory metrics when product data is empty or unavailable (5ms)
  ok  6 tests\admin-logic-regressions.spec.js:82:1 › failed consignment finalization remains visible and keeps reconciliation open (12ms)
  ok  7 tests\admin-logic-regressions.spec.js:95:1 › customer directory excludes staff accounts and never fabricates identity links (9ms)
  ok  8 tests\admin-logic-regressions.spec.js:106:1 › globe CMS relies on the existing protected admin boundary (8ms)
  ok  9 tests\admin-logic-regressions.spec.js:114:1 › product sheet rolls back failed edits and routes new rows through protected intake (7ms)
  ok 10 tests\admin-logic-regressions.spec.js:125:1 › Smart Paste remains review-only after secure Admin cutover (7ms)
  ok 11 tests\admin-logic-regressions.spec.js:135:1 › shared Admin navigation reuses authorized projections in secure mode (16ms)
  ok 12 tests\admin-logic-regressions.spec.js:155:1 › purchase-order workspace uses the fixed procurement projection in secure mode (6ms)
  ok 13 tests\admin-logic-regressions.spec.js:165:1 › inventory product editing routes every photo assignment through the dedicated media workflow (14ms)
  ok 14 tests\admin-logic-regressions.spec.js:187:1 › permanent product deletion uses the signed secure command before the legacy flag-off path (5ms)
  ok 15 tests\admin-logic-regressions.spec.js:198:1 › admin helpers never continue after inventory verification or save failure (10ms)
  ok 16 tests\admin-logic-regressions.spec.js:215:1 › coupon administration uses safe projections and reasoned mobile actions (7ms)
  ok 17 tests\admin-logic-regressions.spec.js:227:1 › lot editor separates physical, reserved, and sellable truth and blocks unsafe legacy saves (4ms)
  ok 18 tests\guest-conversation-seed-contract.spec.js:6:1 › guest seed recovery cannot be generated without exact complete target captures (4ms)
  ok 19 tests\guest-conversation-seed-contract.spec.js:24:1 › order and pasabuy submissions seed the conversation instead of opening an empty thread (4ms)
  ok 20 tests\guest-conversation-seed-contract.spec.js:41:1 › seeded columns exist in the canonical table definitions (116ms)
  ok 21 tests\guest-conversation-seed-contract.spec.js:51:1 › seeded copy states the reference and next step without promising speed (7ms)
  ok 22 tests\guest-conversation-seed-contract.spec.js:62:1 › the seeding migration preserves the anonymous submission grants (2ms)
  ok 23 tests\guest-conversation-seed-contract.spec.js:68:1 › seed recovery refuses a broad replay of the older security boundary (3ms)
  ok 24 tests\product-intake-contract.spec.js:10:1 › intake rejects coerced quantities and costs before they become inventory facts (24ms)
  ok 25 tests\product-intake-contract.spec.js:44:1 › duplicate search escapes like-wildcards instead of matching every SKU (3ms)
  ok 26 tests\product-intake-contract.spec.js:56:1 › product intake cannot fabricate browser-side product, lot, or publication success (42ms)
  ok 27 tests\product-intake-contract.spec.js:91:1 › database contract is staff-owned, MFA-gated, idempotent, and private (11ms)
  ok 28 tests\product-intake-contract.spec.js:116:1 › phone intake exposes one persistent retry state when orphan cleanup is pending (31ms)
  ok 29 tests\product-intake-contract.spec.js:131:1 › interrupted intake resumes from the server-saved field review without fabricating progress (234ms)
  ok 30 tests\product-intake-contract.spec.js:177:1 › current product JSON accepts content and rejects operational authority (13ms)
  ok 31 tests\product-intake-contract.spec.js:216:1 › upload validation strictly rejects unauthorized MIMEs, scripts, and oversized files (56ms)
  ok 32 tests\product-intake-contract.spec.js:242:1 › wholesale inquiry is an explicit unsent handoff and cannot fabricate commercial state (7ms)
  ok 33 tests\release-ci-contract.spec.js:8:1 › deployment configurations select the separately gated artifact scripts (19ms)
  ok 34 tests\release-ci-contract.spec.js:18:1 › CI executes stock payment and final-Admin behavior in PostgreSQL (11ms)
  ok 35 tests\release-ci-contract.spec.js:26:1 › CI authorization runner receives the same isolated database as the migration runner (3ms)
  ok 36 tests\release-ci-contract.spec.js:34:1 › remote CI runs the complete local acceptance command without skipping protected Admin fixtures (33ms)
  ok 37 tests\release-ci-contract.spec.js:77:1 › the shared Playwright server cannot be reused by a CI run (19ms)
  ok 38 tests\release-ci-contract.spec.js:86:1 › selling fixtures wait for the observed slow CSS transform before starting browser assertions (37ms)
  ok 39 tests\release-ci-contract.spec.js:94:1 › protected recovery journeys run only in their dedicated fixture environment (54ms)
  ok 40 tests\release-ci-contract.spec.js:106:1 › every Playwright runner rejects accidental focused tests in CI (20ms)
  ok 41 tests\release-ci-contract.spec.js:124:1 › Playwright web servers use cross-platform commands on the Ubuntu CI runner (5ms)

  41 passed (5.2s)
