
Running 35 tests using 1 worker

(node:18204) Warning: The 'NO_COLOR' env is ignored due to the 'FORCE_COLOR' env being set.
(Use `node --trace-warnings ...` to show where the warning was created)
  ok  1 tests\admin-logic-regressions.spec.js:6:1 › expiry drawer changes business day at Manila midnight (10ms)
  ok  2 tests\admin-logic-regressions.spec.js:16:1 › clearance success reloads the exact canonical lot rather than inventing approval facts (8ms)
  ok  3 tests\admin-logic-regressions.spec.js:46:1 › overview periods use Manila midnight across UTC day and year boundaries (5ms)
  ok  4 tests\admin-logic-regressions.spec.js:55:1 › overview completeness rejects capped result sets instead of reporting their subtotal as a total (24ms)
  ok  5 tests\admin-logic-regressions.spec.js:74:1 › overview never fabricates inventory metrics when product data is empty or unavailable (3ms)
  ok  6 tests\admin-logic-regressions.spec.js:82:1 › failed consignment finalization remains visible and keeps reconciliation open (5ms)
  ok  7 tests\admin-logic-regressions.spec.js:95:1 › customer directory excludes staff accounts and never fabricates identity links (4ms)
  ok  8 tests\admin-logic-regressions.spec.js:106:1 › globe CMS relies on the existing protected admin boundary (2ms)
  ok  9 tests\admin-logic-regressions.spec.js:114:1 › product sheet rolls back failed edits and routes new rows through protected intake (5ms)
  ok 10 tests\admin-logic-regressions.spec.js:125:1 › Smart Paste remains review-only after secure Admin cutover (5ms)
  ok 11 tests\admin-logic-regressions.spec.js:135:1 › shared Admin navigation reuses authorized projections in secure mode (9ms)
  ok 12 tests\admin-logic-regressions.spec.js:155:1 › purchase-order workspace uses the fixed procurement projection in secure mode (4ms)
  ok 13 tests\admin-logic-regressions.spec.js:165:1 › inventory product editing routes every photo assignment through the dedicated media workflow (10ms)
  ok 14 tests\admin-logic-regressions.spec.js:187:1 › permanent product deletion uses the signed secure command before the legacy flag-off path (4ms)
  ok 15 tests\admin-logic-regressions.spec.js:198:1 › admin helpers never continue after inventory verification or save failure (6ms)
  ok 16 tests\admin-logic-regressions.spec.js:215:1 › coupon administration uses safe projections and reasoned mobile actions (4ms)
  ok 17 tests\admin-logic-regressions.spec.js:227:1 › lot editor separates physical, reserved, and sellable truth and blocks unsafe legacy saves (3ms)
  ok 18 tests\product-intake-contract.spec.js:10:1 › intake rejects coerced quantities and costs before they become inventory facts (19ms)
  ok 19 tests\product-intake-contract.spec.js:44:1 › duplicate search escapes like-wildcards instead of matching every SKU (2ms)
  ok 20 tests\product-intake-contract.spec.js:56:1 › product intake cannot fabricate browser-side product, lot, or publication success (13ms)
  ok 21 tests\product-intake-contract.spec.js:91:1 › database contract is staff-owned, MFA-gated, idempotent, and private (9ms)
  ok 22 tests\product-intake-contract.spec.js:116:1 › phone intake exposes one persistent retry state when orphan cleanup is pending (15ms)
  ok 23 tests\product-intake-contract.spec.js:131:1 › interrupted intake resumes from the server-saved field review without fabricating progress (148ms)
  ok 24 tests\product-intake-contract.spec.js:177:1 › current product JSON accepts content and rejects operational authority (7ms)
  ok 25 tests\product-intake-contract.spec.js:216:1 › upload validation strictly rejects unauthorized MIMEs, scripts, and oversized files (5ms)
  ok 26 tests\product-intake-contract.spec.js:242:1 › wholesale inquiry is an explicit unsent handoff and cannot fabricate commercial state (9ms)
  ok 27 tests\release-ci-contract.spec.js:8:1 › deployment configurations select the separately gated artifact scripts (4ms)
  ok 28 tests\release-ci-contract.spec.js:18:1 › CI executes stock payment and final-Admin behavior in PostgreSQL (2ms)
  ok 29 tests\release-ci-contract.spec.js:26:1 › CI authorization runner receives the same isolated database as the migration runner (2ms)
  ok 30 tests\release-ci-contract.spec.js:34:1 › remote CI runs the complete local acceptance command without skipping protected Admin fixtures (10ms)
  ok 31 tests\release-ci-contract.spec.js:77:1 › the shared Playwright server cannot be reused by a CI run (3ms)
  ok 32 tests\release-ci-contract.spec.js:86:1 › selling fixtures wait for the observed slow CSS transform before starting browser assertions (3ms)
  ok 33 tests\release-ci-contract.spec.js:94:1 › protected recovery journeys run only in their dedicated fixture environment (5ms)
  ok 34 tests\release-ci-contract.spec.js:106:1 › every Playwright runner rejects accidental focused tests in CI (4ms)
  ok 35 tests\release-ci-contract.spec.js:124:1 › Playwright web servers use cross-platform commands on the Ubuntu CI runner (3ms)

  35 passed (1.8s)
